------------------------------------------------------------
TimeQuest Timing Analyzer Summary
------------------------------------------------------------

Type  : Slow 1100mV 100C Model Setup 'fpga_clk_50'
Slack : 8.849
TNS   : 0.000

Type  : Slow 1100mV 100C Model Setup 'altera_reserved_tck'
Slack : 10.857
TNS   : 0.000

Type  : Slow 1100mV 100C Model Hold 'altera_reserved_tck'
Slack : 0.220
TNS   : 0.000

Type  : Slow 1100mV 100C Model Hold 'fpga_clk_50'
Slack : 0.357
TNS   : 0.000

Type  : Slow 1100mV 100C Model Recovery 'altera_reserved_tck'
Slack : 15.330
TNS   : 0.000

Type  : Slow 1100mV 100C Model Recovery 'fpga_clk_50'
Slack : 15.519
TNS   : 0.000

Type  : Slow 1100mV 100C Model Removal 'fpga_clk_50'
Slack : 0.707
TNS   : 0.000

Type  : Slow 1100mV 100C Model Removal 'altera_reserved_tck'
Slack : 1.298
TNS   : 0.000

Type  : Slow 1100mV 100C Model Minimum Pulse Width 'fpga_clk_50'
Slack : 8.634
TNS   : 0.000

Type  : Slow 1100mV 100C Model Minimum Pulse Width 'altera_reserved_tck'
Slack : 15.704
TNS   : 0.000

Type  : Slow 1100mV -40C Model Setup 'fpga_clk_50'
Slack : 9.149
TNS   : 0.000

Type  : Slow 1100mV -40C Model Setup 'altera_reserved_tck'
Slack : 10.997
TNS   : 0.000

Type  : Slow 1100mV -40C Model Hold 'altera_reserved_tck'
Slack : 0.193
TNS   : 0.000

Type  : Slow 1100mV -40C Model Hold 'fpga_clk_50'
Slack : 0.335
TNS   : 0.000

Type  : Slow 1100mV -40C Model Recovery 'altera_reserved_tck'
Slack : 15.356
TNS   : 0.000

Type  : Slow 1100mV -40C Model Recovery 'fpga_clk_50'
Slack : 15.794
TNS   : 0.000

Type  : Slow 1100mV -40C Model Removal 'fpga_clk_50'
Slack : 0.657
TNS   : 0.000

Type  : Slow 1100mV -40C Model Removal 'altera_reserved_tck'
Slack : 1.189
TNS   : 0.000

Type  : Slow 1100mV -40C Model Minimum Pulse Width 'fpga_clk_50'
Slack : 8.547
TNS   : 0.000

Type  : Slow 1100mV -40C Model Minimum Pulse Width 'altera_reserved_tck'
Slack : 15.742
TNS   : 0.000

Type  : Fast 1100mV 100C Model Setup 'fpga_clk_50'
Slack : 13.302
TNS   : 0.000

Type  : Fast 1100mV 100C Model Setup 'altera_reserved_tck'
Slack : 13.659
TNS   : 0.000

Type  : Fast 1100mV 100C Model Hold 'altera_reserved_tck'
Slack : 0.070
TNS   : 0.000

Type  : Fast 1100mV 100C Model Hold 'fpga_clk_50'
Slack : 0.180
TNS   : 0.000

Type  : Fast 1100mV 100C Model Recovery 'altera_reserved_tck'
Slack : 16.266
TNS   : 0.000

Type  : Fast 1100mV 100C Model Recovery 'fpga_clk_50'
Slack : 17.178
TNS   : 0.000

Type  : Fast 1100mV 100C Model Removal 'fpga_clk_50'
Slack : 0.309
TNS   : 0.000

Type  : Fast 1100mV 100C Model Removal 'altera_reserved_tck'
Slack : 0.617
TNS   : 0.000

Type  : Fast 1100mV 100C Model Minimum Pulse Width 'fpga_clk_50'
Slack : 8.789
TNS   : 0.000

Type  : Fast 1100mV 100C Model Minimum Pulse Width 'altera_reserved_tck'
Slack : 15.734
TNS   : 0.000

Type  : Fast 1100mV -40C Model Setup 'altera_reserved_tck'
Slack : 14.167
TNS   : 0.000

Type  : Fast 1100mV -40C Model Setup 'fpga_clk_50'
Slack : 14.661
TNS   : 0.000

Type  : Fast 1100mV -40C Model Hold 'altera_reserved_tck'
Slack : 0.045
TNS   : 0.000

Type  : Fast 1100mV -40C Model Hold 'fpga_clk_50'
Slack : 0.131
TNS   : 0.000

Type  : Fast 1100mV -40C Model Recovery 'altera_reserved_tck'
Slack : 16.321
TNS   : 0.000

Type  : Fast 1100mV -40C Model Recovery 'fpga_clk_50'
Slack : 17.680
TNS   : 0.000

Type  : Fast 1100mV -40C Model Removal 'fpga_clk_50'
Slack : 0.265
TNS   : 0.000

Type  : Fast 1100mV -40C Model Removal 'altera_reserved_tck'
Slack : 0.497
TNS   : 0.000

Type  : Fast 1100mV -40C Model Minimum Pulse Width 'fpga_clk_50'
Slack : 8.778
TNS   : 0.000

Type  : Fast 1100mV -40C Model Minimum Pulse Width 'altera_reserved_tck'
Slack : 15.774
TNS   : 0.000

------------------------------------------------------------
