Archive member included to satisfy reference by file (symbol)

/home/parallels/altera_lite/16.0/nios2eds/bin/gnu/H-x86_64-pc-linux-gnu/bin/../lib/gcc/nios2-elf/5.2.0/../../../../../H-x86_64-pc-linux-gnu/nios2-elf/lib/mno-hw-mul/libc.a(lib_a-puts.o)
                              obj/default/hello_world.o (puts)
/home/parallels/altera_lite/16.0/nios2eds/bin/gnu/H-x86_64-pc-linux-gnu/bin/../lib/gcc/nios2-elf/5.2.0/../../../../../H-x86_64-pc-linux-gnu/nios2-elf/lib/mno-hw-mul/libc.a(lib_a-strlen.o)
                              /home/parallels/altera_lite/16.0/nios2eds/bin/gnu/H-x86_64-pc-linux-gnu/bin/../lib/gcc/nios2-elf/5.2.0/../../../../../H-x86_64-pc-linux-gnu/nios2-elf/lib/mno-hw-mul/libc.a(lib_a-puts.o) (strlen)
/home/parallels/altera_lite/16.0/nios2eds/bin/gnu/H-x86_64-pc-linux-gnu/bin/../lib/gcc/nios2-elf/5.2.0/../../../../../H-x86_64-pc-linux-gnu/nios2-elf/lib/mno-hw-mul/libc.a(lib_a-findfp.o)
                              /home/parallels/altera_lite/16.0/nios2eds/bin/gnu/H-x86_64-pc-linux-gnu/bin/../lib/gcc/nios2-elf/5.2.0/../../../../../H-x86_64-pc-linux-gnu/nios2-elf/lib/mno-hw-mul/libc.a(lib_a-puts.o) (__sinit)
/home/parallels/altera_lite/16.0/nios2eds/bin/gnu/H-x86_64-pc-linux-gnu/bin/../lib/gcc/nios2-elf/5.2.0/../../../../../H-x86_64-pc-linux-gnu/nios2-elf/lib/mno-hw-mul/libc.a(lib_a-fvwrite.o)
                              /home/parallels/altera_lite/16.0/nios2eds/bin/gnu/H-x86_64-pc-linux-gnu/bin/../lib/gcc/nios2-elf/5.2.0/../../../../../H-x86_64-pc-linux-gnu/nios2-elf/lib/mno-hw-mul/libc.a(lib_a-puts.o) (__sfvwrite_r)
/home/parallels/altera_lite/16.0/nios2eds/bin/gnu/H-x86_64-pc-linux-gnu/bin/../lib/gcc/nios2-elf/5.2.0/../../../../../H-x86_64-pc-linux-gnu/nios2-elf/lib/mno-hw-mul/libc.a(lib_a-fwalk.o)
                              /home/parallels/altera_lite/16.0/nios2eds/bin/gnu/H-x86_64-pc-linux-gnu/bin/../lib/gcc/nios2-elf/5.2.0/../../../../../H-x86_64-pc-linux-gnu/nios2-elf/lib/mno-hw-mul/libc.a(lib_a-findfp.o) (_fwalk)
/home/parallels/altera_lite/16.0/nios2eds/bin/gnu/H-x86_64-pc-linux-gnu/bin/../lib/gcc/nios2-elf/5.2.0/../../../../../H-x86_64-pc-linux-gnu/nios2-elf/lib/mno-hw-mul/libc.a(lib_a-impure.o)
                              /home/parallels/altera_lite/16.0/nios2eds/bin/gnu/H-x86_64-pc-linux-gnu/bin/../lib/gcc/nios2-elf/5.2.0/../../../../../H-x86_64-pc-linux-gnu/nios2-elf/lib/mno-hw-mul/libc.a(lib_a-findfp.o) (_global_impure_ptr)
/home/parallels/altera_lite/16.0/nios2eds/bin/gnu/H-x86_64-pc-linux-gnu/bin/../lib/gcc/nios2-elf/5.2.0/../../../../../H-x86_64-pc-linux-gnu/nios2-elf/lib/mno-hw-mul/libc.a(lib_a-mallocr.o)
                              /home/parallels/altera_lite/16.0/nios2eds/bin/gnu/H-x86_64-pc-linux-gnu/bin/../lib/gcc/nios2-elf/5.2.0/../../../../../H-x86_64-pc-linux-gnu/nios2-elf/lib/mno-hw-mul/libc.a(lib_a-findfp.o) (_malloc_r)
/home/parallels/altera_lite/16.0/nios2eds/bin/gnu/H-x86_64-pc-linux-gnu/bin/../lib/gcc/nios2-elf/5.2.0/../../../../../H-x86_64-pc-linux-gnu/nios2-elf/lib/mno-hw-mul/libc.a(lib_a-memchr.o)
                              /home/parallels/altera_lite/16.0/nios2eds/bin/gnu/H-x86_64-pc-linux-gnu/bin/../lib/gcc/nios2-elf/5.2.0/../../../../../H-x86_64-pc-linux-gnu/nios2-elf/lib/mno-hw-mul/libc.a(lib_a-fvwrite.o) (memchr)
/home/parallels/altera_lite/16.0/nios2eds/bin/gnu/H-x86_64-pc-linux-gnu/bin/../lib/gcc/nios2-elf/5.2.0/../../../../../H-x86_64-pc-linux-gnu/nios2-elf/lib/mno-hw-mul/libc.a(lib_a-memcpy.o)
                              /home/parallels/altera_lite/16.0/nios2eds/bin/gnu/H-x86_64-pc-linux-gnu/bin/../lib/gcc/nios2-elf/5.2.0/../../../../../H-x86_64-pc-linux-gnu/nios2-elf/lib/mno-hw-mul/libc.a(lib_a-fvwrite.o) (memcpy)
/home/parallels/altera_lite/16.0/nios2eds/bin/gnu/H-x86_64-pc-linux-gnu/bin/../lib/gcc/nios2-elf/5.2.0/../../../../../H-x86_64-pc-linux-gnu/nios2-elf/lib/mno-hw-mul/libc.a(lib_a-memmove.o)
                              /home/parallels/altera_lite/16.0/nios2eds/bin/gnu/H-x86_64-pc-linux-gnu/bin/../lib/gcc/nios2-elf/5.2.0/../../../../../H-x86_64-pc-linux-gnu/nios2-elf/lib/mno-hw-mul/libc.a(lib_a-fvwrite.o) (memmove)
/home/parallels/altera_lite/16.0/nios2eds/bin/gnu/H-x86_64-pc-linux-gnu/bin/../lib/gcc/nios2-elf/5.2.0/../../../../../H-x86_64-pc-linux-gnu/nios2-elf/lib/mno-hw-mul/libc.a(lib_a-memset.o)
                              /home/parallels/altera_lite/16.0/nios2eds/bin/gnu/H-x86_64-pc-linux-gnu/bin/../lib/gcc/nios2-elf/5.2.0/../../../../../H-x86_64-pc-linux-gnu/nios2-elf/lib/mno-hw-mul/libc.a(lib_a-findfp.o) (memset)
/home/parallels/altera_lite/16.0/nios2eds/bin/gnu/H-x86_64-pc-linux-gnu/bin/../lib/gcc/nios2-elf/5.2.0/../../../../../H-x86_64-pc-linux-gnu/nios2-elf/lib/mno-hw-mul/libc.a(lib_a-reallocr.o)
                              /home/parallels/altera_lite/16.0/nios2eds/bin/gnu/H-x86_64-pc-linux-gnu/bin/../lib/gcc/nios2-elf/5.2.0/../../../../../H-x86_64-pc-linux-gnu/nios2-elf/lib/mno-hw-mul/libc.a(lib_a-fvwrite.o) (_realloc_r)
[...]
Memory Configuration

Name             Origin             Length             Attributes
reset            0x0000000000008000 0x0000000000000020
onchip_memory2_0 0x0000000000008020 0x0000000000007fe0
*default*        0x0000000000000000 0xffffffffffffffff

Linker script and memory map

LOAD ../nios2_16_bsp//obj/HAL/src/crt0.o
LOAD obj/default/hello_world.o
LOAD /home/parallels/altera_lite/16.0/nios2eds/bin/gnu/H-x86_64-pc-linux-gnu/bin/../lib/gcc/nios2-elf/5.2.0/../../../../../H-x86_64-pc-linux-gnu/nios2-elf/lib/mno-hw-mul/libstdc++.a
LOAD /home/parallels/altera_lite/16.0/nios2eds/bin/gnu/H-x86_64-pc-linux-gnu/bin/../lib/gcc/nios2-elf/5.2.0/../../../../../H-x86_64-pc-linux-gnu/nios2-elf/lib/mno-hw-mul/libm.a
LOAD /home/parallels/altera_lite/16.0/nios2eds/bin/gnu/H-x86_64-pc-linux-gnu/bin/../lib/gcc/nios2-elf/5.2.0/mno-hw-mul/libgcc.a
START GROUP
LOAD /home/parallels/altera_lite/16.0/nios2eds/bin/gnu/H-x86_64-pc-linux-gnu/bin/../lib/gcc/nios2-elf/5.2.0/../../../../../H-x86_64-pc-linux-gnu/nios2-elf/lib/mno-hw-mul/libc.a
LOAD /home/parallels/altera_lite/16.0/nios2eds/bin/gnu/H-x86_64-pc-linux-gnu/bin/../lib/gcc/nios2-elf/5.2.0/mno-hw-mul/libgcc.a
LOAD ../nios2_16_bsp//libhal_bsp.a
LOAD /home/parallels/altera_lite/16.0/nios2eds/bin/gnu/H-x86_64-pc-linux-gnu/bin/../lib/gcc/nios2-elf/5.2.0/../../../../../H-x86_64-pc-linux-gnu/nios2-elf/lib/mno-hw-mul/libm.a
END GROUP
LOAD /home/parallels/altera_lite/16.0/nios2eds/bin/gnu/H-x86_64-pc-linux-gnu/bin/../lib/gcc/nios2-elf/5.2.0/mno-hw-mul/libgcc.a
                0x0000000000008000                __alt_mem_onchip_memory2_0 = 0x8000

.entry          0x0000000000008000       0x20
 *(.entry)
 .entry         0x0000000000008000       0x20 ../nios2_16_bsp//obj/HAL/src/crt0.o
                0x0000000000008000                __reset

.exceptions     0x0000000000008020      0x214
                0x0000000000008020                PROVIDE (__ram_exceptions_start, ABSOLUTE (.))
                0x0000000000008020                . = ALIGN (0x20)
 *(.irq)
 *(.exceptions.entry.label)
 .exceptions.entry.label
                0x0000000000008020        0x0 ../nios2_16_bsp//libhal_bsp.a(alt_irq_entry.o)
                0x0000000000008020                alt_irq_entry
 .exceptions.entry.label
                0x0000000000008020        0x0 ../nios2_16_bsp//libhal_bsp.a(alt_exception_entry.o)
                0x0000000000008020                alt_exception
 *(.exceptions.entry.user)
 *(.exceptions.entry.ecc_fatal)
 *(.exceptions.entry)
 .exceptions.entry
                0x0000000000008020       0x54 ../nios2_16_bsp//libhal_bsp.a(alt_exception_entry.o)
 *(.exceptions.irqtest.user)
 *(.exceptions.irqtest)
 .exceptions.irqtest
                0x0000000000008074       0x10 ../nios2_16_bsp//libhal_bsp.a(alt_irq_entry.o)
 *(.exceptions.irqhandler.user)
 *(.exceptions.irqhandler)
 .exceptions.irqhandler
                0x0000000000008084        0x4 ../nios2_16_bsp//libhal_bsp.a(alt_irq_entry.o)
 *(.exceptions.irqreturn.user)
 *(.exceptions.irqreturn)
 .exceptions.irqreturn
                0x0000000000008088        0x4 ../nios2_16_bsp//libhal_bsp.a(alt_irq_entry.o)
 *(.exceptions.notirq.label)
 .exceptions.notirq.label
                0x000000000000808c        0x0 ../nios2_16_bsp//libhal_bsp.a(alt_irq_entry.o)
 *(.exceptions.notirq.user)
 *(.exceptions.notirq)
 .exceptions.notirq
                0x000000000000808c        0x8 ../nios2_16_bsp//libhal_bsp.a(alt_exception_entry.o)
 *(.exceptions.soft.user)
 *(.exceptions.soft)
 *(.exceptions.unknown.user)
 *(.exceptions.unknown)
 .exceptions.unknown
                0x0000000000008094       0x14 ../nios2_16_bsp//libhal_bsp.a(alt_exception_entry.o)
 *(.exceptions.exit.label)
 .exceptions.exit.label
                0x00000000000080a8        0x0 ../nios2_16_bsp//libhal_bsp.a(alt_irq_entry.o)
 .exceptions.exit.label
                0x00000000000080a8        0x0 ../nios2_16_bsp//libhal_bsp.a(alt_exception_entry.o)
 *(.exceptions.exit.user)
 *(.exceptions.exit)
 .exceptions.exit
                0x00000000000080a8       0x54 ../nios2_16_bsp//libhal_bsp.a(alt_exception_entry.o)
 *(.exceptions)
 .exceptions    0x00000000000080fc       0xd8 ../nios2_16_bsp//libhal_bsp.a(alt_irq_handler.o)
                0x00000000000080fc                alt_irq_handler
 .exceptions    0x00000000000081d4       0x60 ../nios2_16_bsp//libhal_bsp.a(alt_instruction_exception_entry.o)
                0x00000000000081d4                alt_instruction_exception_entry
                0x0000000000008234                PROVIDE (__ram_exceptions_end, ABSOLUTE (.))
                0x0000000000008020                PROVIDE (__flash_exceptions_start, LOADADDR (.exceptions))

.text           0x0000000000008234     0x54f8
                [!provide]                        PROVIDE (stext, ABSOLUTE (.))
 *(.interp)
 *(.hash)
 *(.dynsym)
 *(.dynstr)
 *(.gnu.version)
 *(.gnu.version_d)
 *(.gnu.version_r)
 *(.rel.init)
 *(.rela.init)
 *(.rel.text .rel.text.* .rel.gnu.linkonce.t.*)
 *(.rela.text .rela.text.* .rela.gnu.linkonce.t.*)
 *(.rel.fini)
 *(.rela.fini)
 *(.rel.rodata .rel.rodata.* .rel.gnu.linkonce.r.*)
 *(.rela.rodata .rela.rodata.* .rela.gnu.linkonce.r.*)
 *(.rel.data .rel.data.* .rel.gnu.linkonce.d.*)
 *(.rela.data .rela.data.* .rela.gnu.linkonce.d.*)
 *(.rel.tdata .rel.tdata.* .rel.gnu.linkonce.td.*)
 *(.rela.tdata .rela.tdata.* .rela.gnu.linkonce.td.*)
 *(.rel.tbss .rel.tbss.* .rel.gnu.linkonce.tb.*)
 *(.rela.tbss .rela.tbss.* .rela.gnu.linkonce.tb.*)
 *(.rel.ctors)
 *(.rela.ctors)
 *(.rel.dtors)
 *(.rela.dtors)
 *(.rel.got)
 *(.rela.got)
 *(.rel.sdata .rel.sdata.* .rel.gnu.linkonce.s.*)
 *(.rela.sdata .rela.sdata.* .rela.gnu.linkonce.s.*)
 *(.rel.sbss .rel.sbss.* .rel.gnu.linkonce.sb.*)
 *(.rela.sbss .rela.sbss.* .rela.gnu.linkonce.sb.*)
 *(.rel.sdata2 .rel.sdata2.* .rel.gnu.linkonce.s2.*)
 *(.rela.sdata2 .rela.sdata2.* .rela.gnu.linkonce.s2.*)
 *(.rel.sbss2 .rel.sbss2.* .rel.gnu.linkonce.sb2.*)
 *(.rela.sbss2 .rela.sbss2.* .rela.gnu.linkonce.sb2.*)
 *(.rel.bss .rel.bss.* .rel.gnu.linkonce.b.*)
 *(.rela.bss .rela.bss.* .rela.gnu.linkonce.b.*)
 *(.rel.plt)
 *(.rela.plt)
 *(.rel.dyn)
 *(.init)
 *(.plt)
 *(.text .stub .text.* .gnu.linkonce.t.*)
 .text          0x0000000000008234       0x3c ../nios2_16_bsp//obj/HAL/src/crt0.o
                0x0000000000008234                _start
 .text          0x0000000000008270       0x34 obj/default/hello_world.o
                0x0000000000008270                main
 .text          0x00000000000082a4        0x0 /home/parallels/altera_lite/16.0/nios2eds/bin/gnu/H-x86_64-pc-linux-gnu/bin/../lib/gcc/nios2-elf/5.2.0/../../../../../H-x86_64-pc-linux-gnu/nios2-elf/lib/mno-hw-mul/libc.a(lib_a-puts.o)
 .text._puts_r  0x00000000000082a4       0xc0 /home/parallels/altera_lite/16.0/nios2eds/bin/gnu/H-x86_64-pc-linux-gnu/bin/../lib/gcc/nios2-elf/5.2.0/../../../../../H-x86_64-pc-linux-gnu/nios2-elf/lib/mno-hw-mul/libc.a(lib_a-puts.o)
                0x00000000000082a4                _puts_r
 .text.puts     0x0000000000008364       0x14 /home/parallels/altera_lite/16.0/nios2eds/bin/gnu/H-x86_64-pc-linux-gnu/bin/../lib/gcc/nios2-elf/5.2.0/../../../../../H-x86_64-pc-linux-gnu/nios2-elf/lib/mno-hw-mul/libc.a(lib_a-puts.o)
                0x0000000000008364                puts
 .text          0x0000000000008378        0x0 /home/parallels/altera_lite/16.0/nios2eds/bin/gnu/H-x86_64-pc-linux-gnu/bin/../lib/gcc/nios2-elf/5.2.0/../../../../../H-x86_64-pc-linux-gnu/nios2-elf/lib/mno-hw-mul/libc.a(lib_a-strlen.o)
 .text.strlen   0x0000000000008378       0x98 /home/parallels/altera_lite/16.0/nios2eds/bin/gnu/H-x86_64-pc-linux-gnu/bin/../lib/gcc/nios2-elf/5.2.0/../../../../../H-x86_64-pc-linux-gnu/nios2-elf/lib/mno-hw-mul/libc.a(lib_a-strlen.o)
                0x0000000000008378                strlen
 .text          0x0000000000008410        0x0 /home/parallels/altera_lite/16.0/nios2eds/bin/gnu/H-x86_64-pc-linux-gnu/bin/../lib/gcc/nios2-elf/5.2.0/../../../../../H-x86_64-pc-linux-gnu/nios2-elf/lib/mno-hw-mul/libc.a(lib_a-findfp.o)
 .text.__fp_unlock
                0x0000000000008410        0x8 /home/parallels/altera_lite/16.0/nios2eds/bin/gnu/H-x86_64-pc-linux-gnu/bin/../lib/gcc/nios2-elf/5.2.0/../../../../../H-x86_64-pc-linux-gnu/nios2-elf/lib/mno-hw-mul/libc.a(lib_a-findfp.o)
 .text._cleanup_r
                0x0000000000008418        0xc /home/parallels/altera_lite/16.0/nios2eds/bin/gnu/H-x86_64-pc-linux-gnu/bin/../lib/gcc/nios2-elf/5.2.0/../../../../../H-x86_64-pc-linux-gnu/nios2-elf/lib/mno-hw-mul/libc.a(lib_a-findfp.o)
                0x0000000000008418                _cleanup_r
 .text.__sinit.part.1
                0x0000000000008424      0x19c /home/parallels/altera_lite/16.0/nios2eds/bin/gnu/H-x86_64-pc-linux-gnu/bin/../lib/gcc/nios2-elf/5.2.0/../../../../../H-x86_64-pc-linux-gnu/nios2-elf/lib/mno-hw-mul/libc.a(lib_a-findfp.o)
 .text.__fp_lock
                0x00000000000085c0        0x8 /home/parallels/altera_lite/16.0/nios2eds/bin/gnu/H-x86_64-pc-linux-gnu/bin/../lib/gcc/nios2-elf/5.2.0/../../../../../H-x86_64-pc-linux-gnu/nios2-elf/lib/mno-hw-mul/libc.a(lib_a-findfp.o)
 .text.__sfmoreglue
                0x00000000000085c8       0x78 /home/parallels/altera_lite/16.0/nios2eds/bin/gnu/H-x86_64-pc-linux-gnu/bin/../lib/gcc/nios2-elf/5.2.0/../../../../../H-x86_64-pc-linux-gnu/nios2-elf/lib/mno-hw-mul/libc.a(lib_a-findfp.o)
                0x00000000000085c8                __sfmoreglue
 .text.__sfp    0x0000000000008640      0x118 /home/parallels/altera_lite/16.0/nios2eds/bin/gnu/H-x86_64-pc-linux-gnu/bin/../lib/gcc/nios2-elf/5.2.0/../../../../../H-x86_64-pc-linux-gnu/nios2-elf/lib/mno-hw-mul/libc.a(lib_a-findfp.o)
                0x0000000000008640                __sfp
 .text._cleanup
                0x0000000000008758       0x18 /home/parallels/altera_lite/16.0/nios2eds/bin/gnu/H-x86_64-pc-linux-gnu/bin/../lib/gcc/nios2-elf/5.2.0/../../../../../H-x86_64-pc-linux-gnu/nios2-elf/lib/mno-hw-mul/libc.a(lib_a-findfp.o)
                0x0000000000008758                _cleanup
 .text.__sinit  0x0000000000008770       0x10 /home/parallels/altera_lite/16.0/nios2eds/bin/gnu/H-x86_64-pc-linux-gnu/bin/../lib/gcc/nios2-elf/5.2.0/../../../../../H-x86_64-pc-linux-gnu/nios2-elf/lib/mno-hw-mul/libc.a(lib_a-findfp.o)
                0x0000000000008770                __sinit
 .text.__sfp_lock_acquire
                0x0000000000008780        0x4 /home/parallels/altera_lite/16.0/nios2eds/bin/gnu/H-x86_64-pc-linux-gnu/bin/../lib/gcc/nios2-elf/5.2.0/../../../../../H-x86_64-pc-linux-gnu/nios2-elf/lib/mno-hw-mul/libc.a(lib_a-findfp.o)
                0x0000000000008780                __sfp_lock_acquire
 .text.__sfp_lock_release
                0x0000000000008784        0x4 /home/parallels/altera_lite/16.0/nios2eds/bin/gnu/H-x86_64-pc-linux-gnu/bin/../lib/gcc/nios2-elf/5.2.0/../../../../../H-x86_64-pc-linux-gnu/nios2-elf/lib/mno-hw-mul/libc.a(lib_a-findfp.o)
                0x0000000000008784                __sfp_lock_release
 .text.__sinit_lock_acquire
                0x0000000000008788        0x4 /home/parallels/altera_lite/16.0/nios2eds/bin/gnu/H-x86_64-pc-linux-gnu/bin/../lib/gcc/nios2-elf/5.2.0/../../../../../H-x86_64-pc-linux-gnu/nios2-elf/lib/mno-hw-mul/libc.a(lib_a-findfp.o)
                0x0000000000008788                __sinit_lock_acquire
 .text.__sinit_lock_release
                0x000000000000878c        0x4 /home/parallels/altera_lite/16.0/nios2eds/bin/gnu/H-x86_64-pc-linux-gnu/bin/../lib/gcc/nios2-elf/5.2.0/../../../../../H-x86_64-pc-linux-gnu/nios2-elf/lib/mno-hw-mul/libc.a(lib_a-findfp.o)
                0x000000000000878c                __sinit_lock_release
 .text.__fp_lock_all
                0x0000000000008790       0x18 /home/parallels/altera_lite/16.0/nios2eds/bin/gnu/H-x86_64-pc-linux-gnu/bin/../lib/gcc/nios2-elf/5.2.0/../../../../../H-x86_64-pc-linux-gnu/nios2-elf/lib/mno-hw-mul/libc.a(lib_a-findfp.o)
                0x0000000000008790                __fp_lock_all
 .text.__fp_unlock_all
                0x00000000000087a8       0x18 /home/parallels/altera_lite/16.0/nios2eds/bin/gnu/H-x86_64-pc-linux-gnu/bin/../lib/gcc/nios2-elf/5.2.0/../../../../../H-x86_64-pc-linux-gnu/nios2-elf/lib/mno-hw-mul/libc.a(lib_a-findfp.o)
                0x00000000000087a8                __fp_unlock_all
 .text          0x00000000000087c0        0x0 /home/parallels/altera_lite/16.0/nios2eds/bin/gnu/H-x86_64-pc-linux-gnu/bin/../lib/gcc/nios2-elf/5.2.0/../../../../../H-x86_64-pc-linux-gnu/nios2-elf/lib/mno-hw-mul/libc.a(lib_a-fvwrite.o)
 .text.__sfvwrite_r
                0x00000000000087c0      0x4c8 /home/parallels/altera_lite/16.0/nios2eds/bin/gnu/H-x86_64-pc-linux-gnu/bin/../lib/gcc/nios2-elf/5.2.0/../../../../../H-x86_64-pc-linux-gnu/nios2-elf/lib/mno-hw-mul/libc.a(lib_a-fvwrite.o)
                0x00000000000087c0                __sfvwrite_r
 .text          0x0000000000008c88        0x0 /home/parallels/altera_lite/16.0/nios2eds/bin/gnu/H-x86_64-pc-linux-gnu/bin/../lib/gcc/nios2-elf/5.2.0/../../../../../H-x86_64-pc-linux-gnu/nios2-elf/lib/mno-hw-mul/libc.a(lib_a-fwalk.o)
 .text._fwalk   0x0000000000008c88       0xc4 /home/parallels/altera_lite/16.0/nios2eds/bin/gnu/H-x86_64-pc-linux-gnu/bin/../lib/gcc/nios2-elf/5.2.0/../../../../../H-x86_64-pc-linux-gnu/nios2-elf/lib/mno-hw-mul/libc.a(lib_a-fwalk.o)
                0x0000000000008c88                _fwalk
 .text._fwalk_reent
                0x0000000000008d4c       0xc4 /home/parallels/altera_lite/16.0/nios2eds/bin/gnu/H-x86_64-pc-linux-gnu/bin/../lib/gcc/nios2-elf/5.2.0/../../../../../H-x86_64-pc-linux-gnu/nios2-elf/lib/mno-hw-mul/libc.a(lib_a-fwalk.o)
                0x0000000000008d4c                _fwalk_reent
 .text          0x0000000000008e10        0x0 /home/parallels/altera_lite/16.0/nios2eds/bin/gnu/H-x86_64-pc-linux-gnu/bin/../lib/gcc/nios2-elf/5.2.0/../../../../../H-x86_64-pc-linux-gnu/nios2-elf/lib/mno-hw-mul/libc.a(lib_a-impure.o)
 .text          0x0000000000008e10        0x0 /home/parallels/altera_lite/16.0/nios2eds/bin/gnu/H-x86_64-pc-linux-gnu/bin/../lib/gcc/nios2-elf/5.2.0/../../../../../H-x86_64-pc-linux-gnu/nios2-elf/lib/mno-hw-mul/libc.a(lib_a-mallocr.o)
 .text._malloc_r
                0x0000000000008e10      0x80c /home/parallels/altera_lite/16.0/nios2eds/bin/gnu/H-x86_64-pc-linux-gnu/bin/../lib/gcc/nios2-elf/5.2.0/../../../../../H-x86_64-pc-linux-gnu/nios2-elf/lib/mno-hw-mul/libc.a(lib_a-mallocr.o)
                0x0000000000008e10                _malloc_r
 .text          0x000000000000961c        0x0 /home/parallels/altera_lite/16.0/nios2eds/bin/gnu/H-x86_64-pc-linux-gnu/bin/../lib/gcc/nios2-elf/5.2.0/../../../../../H-x86_64-pc-linux-gnu/nios2-elf/lib/mno-hw-mul/libc.a(lib_a-memchr.o)
 .text.memchr   0x000000000000961c       0xe4 /home/parallels/altera_lite/16.0/nios2eds/bin/gnu/H-x86_64-pc-linux-gnu/bin/../lib/gcc/nios2-elf/5.2.0/../../../../../H-x86_64-pc-linux-gnu/nios2-elf/lib/mno-hw-mul/libc.a(lib_a-memchr.o)
                0x000000000000961c                memchr
 .text          0x0000000000009700        0x0 /home/parallels/altera_lite/16.0/nios2eds/bin/gnu/H-x86_64-pc-linux-gnu/bin/../lib/gcc/nios2-elf/5.2.0/../../../../../H-x86_64-pc-linux-gnu/nios2-elf/lib/mno-hw-mul/libc.a(lib_a-memcpy.o)
 .text.memcpy   0x0000000000009700      0x148 /home/parallels/altera_lite/16.0/nios2eds/bin/gnu/H-x86_64-pc-linux-gnu/bin/../lib/gcc/nios2-elf/5.2.0/../../../../../H-x86_64-pc-linux-gnu/nios2-elf/lib/mno-hw-mul/libc.a(lib_a-memcpy.o)
                0x0000000000009700                memcpy
 .text          0x0000000000009848        0x0 /home/parallels/altera_lite/16.0/nios2eds/bin/gnu/H-x86_64-pc-linux-gnu/bin/../lib/gcc/nios2-elf/5.2.0/../../../../../H-x86_64-pc-linux-gnu/nios2-elf/lib/mno-hw-mul/libc.a(lib_a-memmove.o)
 .text.memmove  0x0000000000009848      0x15c /home/parallels/altera_lite/16.0/nios2eds/bin/gnu/H-x86_64-pc-linux-gnu/bin/../lib/gcc/nios2-elf/5.2.0/../../../../../H-x86_64-pc-linux-gnu/nios2-elf/lib/mno-hw-mul/libc.a(lib_a-memmove.o)
                0x0000000000009848                memmove
 .text          0x00000000000099a4        0x0 /home/parallels/altera_lite/16.0/nios2eds/bin/gnu/H-x86_64-pc-linux-gnu/bin/../lib/gcc/nios2-elf/5.2.0/../../../../../H-x86_64-pc-linux-gnu/nios2-elf/lib/mno-hw-mul/libc.a(lib_a-memset.o)
 .text.memset   0x00000000000099a4      0x128 /home/parallels/altera_lite/16.0/nios2eds/bin/gnu/H-x86_64-pc-linux-gnu/bin/../lib/gcc/nios2-elf/5.2.0/../../../../../H-x86_64-pc-linux-gnu/nios2-elf/lib/mno-hw-mul/libc.a(lib_a-memset.o)
                0x00000000000099a4                memset
 .text          0x0000000000009acc        0x0 /home/parallels/altera_lite/16.0/nios2eds/bin/gnu/H-x86_64-pc-linux-gnu/bin/../lib/gcc/nios2-elf/5.2.0/../../../../../H-x86_64-pc-linux-gnu/nios2-elf/lib/mno-hw-mul/libc.a(lib_a-reallocr.o)
 .text._realloc_r
                0x0000000000009acc      0x564 /home/parallels/altera_lite/16.0/nios2eds/bin/gnu/H-x86_64-pc-linux-gnu/bin/../lib/gcc/nios2-elf/5.2.0/../../../../../H-x86_64-pc-linux-gnu/nios2-elf/lib/mno-hw-mul/libc.a(lib_a-reallocr.o)
                0x0000000000009acc                _realloc_r
 .text          0x000000000000a030        0x0 /home/parallels/altera_lite/16.0/nios2eds/bin/gnu/H-x86_64-pc-linux-gnu/bin/../lib/gcc/nios2-elf/5.2.0/../../../../../H-x86_64-pc-linux-gnu/nios2-elf/lib/mno-hw-mul/libc.a(lib_a-sbrkr.o)
 .text._sbrk_r  0x000000000000a030       0x54 /home/parallels/altera_lite/16.0/nios2eds/bin/gnu/H-x86_64-pc-linux-gnu/bin/../lib/gcc/nios2-elf/5.2.0/../../../../../H-x86_64-pc-linux-gnu/nios2-elf/lib/mno-hw-mul/libc.a(lib_a-sbrkr.o)
                0x000000000000a030                _sbrk_r
 .text          0x000000000000a084        0x0 /home/parallels/altera_lite/16.0/nios2eds/bin/gnu/H-x86_64-pc-linux-gnu/bin/../lib/gcc/nios2-elf/5.2.0/../../../../../H-x86_64-pc-linux-gnu/nios2-elf/lib/mno-hw-mul/libc.a(lib_a-stdio.o)
 .text.__sread  0x000000000000a084       0x54 /home/parallels/altera_lite/16.0/nios2eds/bin/gnu/H-x86_64-pc-linux-gnu/bin/../lib/gcc/nios2-elf/5.2.0/../../../../../H-x86_64-pc-linux-gnu/nios2-elf/lib/mno-hw-mul/libc.a(lib_a-stdio.o)
                0x000000000000a084                __sread
 .text.__seofread
                0x000000000000a0d8        0x8 /home/parallels/altera_lite/16.0/nios2eds/bin/gnu/H-x86_64-pc-linux-gnu/bin/../lib/gcc/nios2-elf/5.2.0/../../../../../H-x86_64-pc-linux-gnu/nios2-elf/lib/mno-hw-mul/libc.a(lib_a-stdio.o)
                0x000000000000a0d8                __seofread
 .text.__swrite
                0x000000000000a0e0       0x7c /home/parallels/altera_lite/16.0/nios2eds/bin/gnu/H-x86_64-pc-linux-gnu/bin/../lib/gcc/nios2-elf/5.2.0/../../../../../H-x86_64-pc-linux-gnu/nios2-elf/lib/mno-hw-mul/libc.a(lib_a-stdio.o)
                0x000000000000a0e0                __swrite
 .text.__sseek  0x000000000000a15c       0x5c /home/parallels/altera_lite/16.0/nios2eds/bin/gnu/H-x86_64-pc-linux-gnu/bin/../lib/gcc/nios2-elf/5.2.0/../../../../../H-x86_64-pc-linux-gnu/nios2-elf/lib/mno-hw-mul/libc.a(lib_a-stdio.o)
                0x000000000000a15c                __sseek
 .text.__sclose
                0x000000000000a1b8        0x8 /home/parallels/altera_lite/16.0/nios2eds/bin/gnu/H-x86_64-pc-linux-gnu/bin/../lib/gcc/nios2-elf/5.2.0/../../../../../H-x86_64-pc-linux-gnu/nios2-elf/lib/mno-hw-mul/libc.a(lib_a-stdio.o)
                0x000000000000a1b8                __sclose
 .text          0x000000000000a1c0        0x0 /home/parallels/altera_lite/16.0/nios2eds/bin/gnu/H-x86_64-pc-linux-gnu/bin/../lib/gcc/nios2-elf/5.2.0/../../../../../H-x86_64-pc-linux-gnu/nios2-elf/lib/mno-hw-mul/libc.a(lib_a-writer.o)
 .text._write_r
                0x000000000000a1c0       0x60 /home/parallels/altera_lite/16.0/nios2eds/bin/gnu/H-x86_64-pc-linux-gnu/bin/../lib/gcc/nios2-elf/5.2.0/../../../../../H-x86_64-pc-linux-gnu/nios2-elf/lib/mno-hw-mul/libc.a(lib_a-writer.o)
                0x000000000000a1c0                _write_r
 .text          0x000000000000a220        0x0 /home/parallels/altera_lite/16.0/nios2eds/bin/gnu/H-x86_64-pc-linux-gnu/bin/../lib/gcc/nios2-elf/5.2.0/../../../../../H-x86_64-pc-linux-gnu/nios2-elf/lib/mno-hw-mul/libc.a(lib_a-wsetup.o)
 .text.__swsetup_r
                0x000000000000a220      0x154 /home/parallels/altera_lite/16.0/nios2eds/bin/gnu/H-x86_64-pc-linux-gnu/bin/../lib/gcc/nios2-elf/5.2.0/../../../../../H-x86_64-pc-linux-gnu/nios2-elf/lib/mno-hw-mul/libc.a(lib_a-wsetup.o)
                0x000000000000a220                __swsetup_r
 .text          0x000000000000a374        0x0 /home/parallels/altera_lite/16.0/nios2eds/bin/gnu/H-x86_64-pc-linux-gnu/bin/../lib/gcc/nios2-elf/5.2.0/../../../../../H-x86_64-pc-linux-gnu/nios2-elf/lib/mno-hw-mul/libc.a(closer.o)
 .text._close_r
                0x000000000000a374       0x54 /home/parallels/altera_lite/16.0/nios2eds/bin/gnu/H-x86_64-pc-linux-gnu/bin/../lib/gcc/nios2-elf/5.2.0/../../../../../H-x86_64-pc-linux-gnu/nios2-elf/lib/mno-hw-mul/libc.a(closer.o)
                0x000000000000a374                _close_r
 .text          0x000000000000a3c8        0x0 /home/parallels/altera_lite/16.0/nios2eds/bin/gnu/H-x86_64-pc-linux-gnu/bin/../lib/gcc/nios2-elf/5.2.0/../../../../../H-x86_64-pc-linux-gnu/nios2-elf/lib/mno-hw-mul/libc.a(lib_a-fclose.o)
 .text._fclose_r
                0x000000000000a3c8       0xf0 /home/parallels/altera_lite/16.0/nios2eds/bin/gnu/H-x86_64-pc-linux-gnu/bin/../lib/gcc/nios2-elf/5.2.0/../../../../../H-x86_64-pc-linux-gnu/nios2-elf/lib/mno-hw-mul/libc.a(lib_a-fclose.o)
                0x000000000000a3c8                _fclose_r
 .text.fclose   0x000000000000a4b8       0x14 /home/parallels/altera_lite/16.0/nios2eds/bin/gnu/H-x86_64-pc-linux-gnu/bin/../lib/gcc/nios2-elf/5.2.0/../../../../../H-x86_64-pc-linux-gnu/nios2-elf/lib/mno-hw-mul/libc.a(lib_a-fclose.o)
                0x000000000000a4b8                fclose
 .text          0x000000000000a4cc        0x0 /home/parallels/altera_lite/16.0/nios2eds/bin/gnu/H-x86_64-pc-linux-gnu/bin/../lib/gcc/nios2-elf/5.2.0/../../../../../H-x86_64-pc-linux-gnu/nios2-elf/lib/mno-hw-mul/libc.a(lib_a-fflush.o)
 .text.__sflush_r
                0x000000000000a4cc      0x21c /home/parallels/altera_lite/16.0/nios2eds/bin/gnu/H-x86_64-pc-linux-gnu/bin/../lib/gcc/nios2-elf/5.2.0/../../../../../H-x86_64-pc-linux-gnu/nios2-elf/lib/mno-hw-mul/libc.a(lib_a-fflush.o)
                0x000000000000a4cc                __sflush_r
 .text._fflush_r
                0x000000000000a6e8       0x5c /home/parallels/altera_lite/16.0/nios2eds/bin/gnu/H-x86_64-pc-linux-gnu/bin/../lib/gcc/nios2-elf/5.2.0/../../../../../H-x86_64-pc-linux-gnu/nios2-elf/lib/mno-hw-mul/libc.a(lib_a-fflush.o)
                0x000000000000a6e8                _fflush_r
 .text.fflush   0x000000000000a744       0x30 /home/parallels/altera_lite/16.0/nios2eds/bin/gnu/H-x86_64-pc-linux-gnu/bin/../lib/gcc/nios2-elf/5.2.0/../../../../../H-x86_64-pc-linux-gnu/nios2-elf/lib/mno-hw-mul/libc.a(lib_a-fflush.o)
                0x000000000000a744                fflush
 .text          0x000000000000a774        0x0 /home/parallels/altera_lite/16.0/nios2eds/bin/gnu/H-x86_64-pc-linux-gnu/bin/../lib/gcc/nios2-elf/5.2.0/../../../../../H-x86_64-pc-linux-gnu/nios2-elf/lib/mno-hw-mul/libc.a(lib_a-freer.o)
 .text._malloc_trim_r
                0x000000000000a774      0x124 /home/parallels/altera_lite/16.0/nios2eds/bin/gnu/H-x86_64-pc-linux-gnu/bin/../lib/gcc/nios2-elf/5.2.0/../../../../../H-x86_64-pc-linux-gnu/nios2-elf/lib/mno-hw-mul/libc.a(lib_a-freer.o)
                0x000000000000a774                _malloc_trim_r
 .text._free_r  0x000000000000a898      0x310 /home/parallels/altera_lite/16.0/nios2eds/bin/gnu/H-x86_64-pc-linux-gnu/bin/../lib/gcc/nios2-elf/5.2.0/../../../../../H-x86_64-pc-linux-gnu/nios2-elf/lib/mno-hw-mul/libc.a(lib_a-freer.o)
                0x000000000000a898                _free_r
 .text          0x000000000000aba8        0x0 /home/parallels/altera_lite/16.0/nios2eds/bin/gnu/H-x86_64-pc-linux-gnu/bin/../lib/gcc/nios2-elf/5.2.0/../../../../../H-x86_64-pc-linux-gnu/nios2-elf/lib/mno-hw-mul/libc.a(lib_a-int_errno.o)
 .text          0x000000000000aba8        0x0 /home/parallels/altera_lite/16.0/nios2eds/bin/gnu/H-x86_64-pc-linux-gnu/bin/../lib/gcc/nios2-elf/5.2.0/../../../../../H-x86_64-pc-linux-gnu/nios2-elf/lib/mno-hw-mul/libc.a(lib_a-lseekr.o)
 .text._lseek_r
                0x000000000000aba8       0x60 /home/parallels/altera_lite/16.0/nios2eds/bin/gnu/H-x86_64-pc-linux-gnu/bin/../lib/gcc/nios2-elf/5.2.0/../../../../../H-x86_64-pc-linux-gnu/nios2-elf/lib/mno-hw-mul/libc.a(lib_a-lseekr.o)
                0x000000000000aba8                _lseek_r
 .text          0x000000000000ac08        0x0 /home/parallels/altera_lite/16.0/nios2eds/bin/gnu/H-x86_64-pc-linux-gnu/bin/../lib/gcc/nios2-elf/5.2.0/../../../../../H-x86_64-pc-linux-gnu/nios2-elf/lib/mno-hw-mul/libc.a(lib_a-makebuf.o)
 .text.__smakebuf_r
                0x000000000000ac08      0x1bc /home/parallels/altera_lite/16.0/nios2eds/bin/gnu/H-x86_64-pc-linux-gnu/bin/../lib/gcc/nios2-elf/5.2.0/../../../../../H-x86_64-pc-linux-gnu/nios2-elf/lib/mno-hw-mul/libc.a(lib_a-makebuf.o)
                0x000000000000ac08                __smakebuf_r
 .text          0x000000000000adc4        0x0 /home/parallels/altera_lite/16.0/nios2eds/bin/gnu/H-x86_64-pc-linux-gnu/bin/../lib/gcc/nios2-elf/5.2.0/../../../../../H-x86_64-pc-linux-gnu/nios2-elf/lib/mno-hw-mul/libc.a(lib_a-readr.o)
 .text._read_r  0x000000000000adc4       0x60 /home/parallels/altera_lite/16.0/nios2eds/bin/gnu/H-x86_64-pc-linux-gnu/bin/../lib/gcc/nios2-elf/5.2.0/../../../../../H-x86_64-pc-linux-gnu/nios2-elf/lib/mno-hw-mul/libc.a(lib_a-readr.o)
                0x000000000000adc4                _read_r
 .text          0x000000000000ae24        0x0 /home/parallels/altera_lite/16.0/nios2eds/bin/gnu/H-x86_64-pc-linux-gnu/bin/../lib/gcc/nios2-elf/5.2.0/../../../../../H-x86_64-pc-linux-gnu/nios2-elf/lib/mno-hw-mul/libc.a(lib_a-fstatr.o)
 .text._fstat_r
                0x000000000000ae24       0x5c /home/parallels/altera_lite/16.0/nios2eds/bin/gnu/H-x86_64-pc-linux-gnu/bin/../lib/gcc/nios2-elf/5.2.0/../../../../../H-x86_64-pc-linux-gnu/nios2-elf/lib/mno-hw-mul/libc.a(lib_a-fstatr.o)
                0x000000000000ae24                _fstat_r
 .text          0x000000000000ae80        0x0 /home/parallels/altera_lite/16.0/nios2eds/bin/gnu/H-x86_64-pc-linux-gnu/bin/../lib/gcc/nios2-elf/5.2.0/../../../../../H-x86_64-pc-linux-gnu/nios2-elf/lib/mno-hw-mul/libc.a(lib_a-isattyr.o)
 .text._isatty_r
                0x000000000000ae80       0x54 /home/parallels/altera_lite/16.0/nios2eds/bin/gnu/H-x86_64-pc-linux-gnu/bin/../lib/gcc/nios2-elf/5.2.0/../../../../../H-x86_64-pc-linux-gnu/nios2-elf/lib/mno-hw-mul/libc.a(lib_a-isattyr.o)
                0x000000000000ae80                _isatty_r
 .text          0x000000000000aed4      0x1b4 /home/parallels/altera_lite/16.0/nios2eds/bin/gnu/H-x86_64-pc-linux-gnu/bin/../lib/gcc/nios2-elf/5.2.0/mno-hw-mul/libgcc.a(lib2-divmod.o)
                0x000000000000aed4                __divsi3
                0x000000000000af58                __modsi3
                0x000000000000afcc                __udivsi3
                0x000000000000b030                __umodsi3
 .text          0x000000000000b088       0x28 /home/parallels/altera_lite/16.0/nios2eds/bin/gnu/H-x86_64-pc-linux-gnu/bin/../lib/gcc/nios2-elf/5.2.0/mno-hw-mul/libgcc.a(lib2-mul.o)
                0x000000000000b088                __mulsi3
 .text          0x000000000000b0b0      0x128 ../nios2_16_bsp//libhal_bsp.a(alt_close.o)
                0x000000000000b100                close
 .text          0x000000000000b1d8       0x2c ../nios2_16_bsp//libhal_bsp.a(alt_dev.o)
 .text          0x000000000000b204        0x0 ../nios2_16_bsp//libhal_bsp.a(alt_errno.o)
 .text          0x000000000000b204      0x108 ../nios2_16_bsp//libhal_bsp.a(alt_fstat.o)
                0x000000000000b254                fstat
 .text          0x000000000000b30c       0xfc ../nios2_16_bsp//libhal_bsp.a(alt_isatty.o)
                0x000000000000b35c                isatty
 .text          0x000000000000b408       0xec ../nios2_16_bsp//libhal_bsp.a(alt_load.o)
                0x000000000000b470                alt_load
 .text          0x000000000000b4f4      0x12c ../nios2_16_bsp//libhal_bsp.a(alt_lseek.o)
                0x000000000000b544                lseek
 .text          0x000000000000b620       0x7c ../nios2_16_bsp//libhal_bsp.a(alt_main.o)
                0x000000000000b620                alt_main
 .text          0x000000000000b69c       0x48 ../nios2_16_bsp//libhal_bsp.a(alt_malloc_lock.o)
                0x000000000000b69c                __malloc_lock
                0x000000000000b6c0                __malloc_unlock
 .text          0x000000000000b6e4      0x154 ../nios2_16_bsp//libhal_bsp.a(alt_read.o)
                0x000000000000b734                read
 .text          0x000000000000b838       0x84 ../nios2_16_bsp//libhal_bsp.a(alt_release_fd.o)
                0x000000000000b838                alt_release_fd
 .text          0x000000000000b8bc       0xb0 ../nios2_16_bsp//libhal_bsp.a(alt_sbrk.o)
                0x000000000000b8bc                sbrk
 .text          0x000000000000b96c      0x150 ../nios2_16_bsp//libhal_bsp.a(alt_write.o)
                0x000000000000b9bc                write
 .text          0x000000000000babc       0xa8 ../nios2_16_bsp//libhal_bsp.a(alt_sys_init.o)
                0x000000000000baf4                alt_irq_init
                0x000000000000bb2c                alt_sys_init
 .text          0x000000000000bb64      0x164 ../nios2_16_bsp//libhal_bsp.a(altera_avalon_jtag_uart_fd.o)
                0x000000000000bb64                altera_avalon_jtag_uart_read_fd
                0x000000000000bbc4                altera_avalon_jtag_uart_write_fd
                0x000000000000bc24                altera_avalon_jtag_uart_close_fd
                0x000000000000bc74                altera_avalon_jtag_uart_ioctl_fd
 .text          0x000000000000bcc8      0x3dc ../nios2_16_bsp//libhal_bsp.a(altera_avalon_jtag_uart_init.o)
                0x000000000000bcc8                altera_avalon_jtag_uart_init
                0x000000000000c03c                altera_avalon_jtag_uart_close
 .text          0x000000000000c0a4       0xf0 ../nios2_16_bsp//libhal_bsp.a(altera_avalon_jtag_uart_ioctl.o)
                0x000000000000c0a4                altera_avalon_jtag_uart_ioctl
 .text          0x000000000000c194      0x21c ../nios2_16_bsp//libhal_bsp.a(altera_avalon_jtag_uart_read.o)
                0x000000000000c194                altera_avalon_jtag_uart_read
 .text          0x000000000000c3b0      0x224 ../nios2_16_bsp//libhal_bsp.a(altera_avalon_jtag_uart_write.o)
                0x000000000000c3b0                altera_avalon_jtag_uart_write
 .text          0x000000000000c5d4      0x140 ../nios2_16_bsp//libhal_bsp.a(alt_alarm_start.o)
                0x000000000000c5d4                alt_alarm_start
 .text          0x000000000000c714       0x20 ../nios2_16_bsp//libhal_bsp.a(alt_dcache_flush_all.o)
                0x000000000000c714                alt_dcache_flush_all
 .text          0x000000000000c734       0xf4 ../nios2_16_bsp//libhal_bsp.a(alt_dev_llist_insert.o)
                0x000000000000c784                alt_dev_llist_insert
 .text          0x000000000000c828       0x60 ../nios2_16_bsp//libhal_bsp.a(alt_do_ctors.o)
                0x000000000000c828                _do_ctors
 .text          0x000000000000c888       0x60 ../nios2_16_bsp//libhal_bsp.a(alt_do_dtors.o)
                0x000000000000c888                _do_dtors
 .text          0x000000000000c8e8       0x20 ../nios2_16_bsp//libhal_bsp.a(alt_icache_flush_all.o)
                0x000000000000c8e8                alt_icache_flush_all
 .text          0x000000000000c908      0x160 ../nios2_16_bsp//libhal_bsp.a(alt_io_redirect.o)
                0x000000000000c9ec                alt_io_redirect
 .text          0x000000000000ca68      0x1b0 ../nios2_16_bsp//libhal_bsp.a(alt_irq_register.o)
                0x000000000000ca68                alt_irq_register
 .text          0x000000000000cc18        0x0 ../nios2_16_bsp//libhal_bsp.a(alt_irq_vars.o)
 .text          0x000000000000cc18      0x2a4 ../nios2_16_bsp//libhal_bsp.a(alt_open.o)
                0x000000000000cd5c                open
 .text          0x000000000000cebc      0x1a4 ../nios2_16_bsp//libhal_bsp.a(alt_tick.o)
                0x000000000000cebc                alt_alarm_stop
                0x000000000000cf58                alt_tick
 .text          0x000000000000d060       0x24 ../nios2_16_bsp//libhal_bsp.a(altera_nios2_gen2_irq.o)
                0x000000000000d060                altera_nios2_gen2_irq_init
 .text          0x000000000000d084       0x90 ../nios2_16_bsp//libhal_bsp.a(alt_find_dev.o)
                0x000000000000d084                alt_find_dev
 .text          0x000000000000d114      0x114 ../nios2_16_bsp//libhal_bsp.a(alt_find_file.o)
                0x000000000000d114                alt_find_file
 .text          0x000000000000d228       0xd4 ../nios2_16_bsp//libhal_bsp.a(alt_get_fd.o)
                0x000000000000d228                alt_get_fd
 .text          0x000000000000d2fc        0x0 ../nios2_16_bsp//libhal_bsp.a(alt_irq_entry.o)
 .text          0x000000000000d2fc        0x0 ../nios2_16_bsp//libhal_bsp.a(alt_irq_handler.o)
 .text          0x000000000000d2fc        0x0 ../nios2_16_bsp//libhal_bsp.a(alt_exception_entry.o)
 .text          0x000000000000d2fc       0x9c ../nios2_16_bsp//libhal_bsp.a(alt_instruction_exception_entry.o)
                0x000000000000d2fc                alt_exception_cause_generated_bad_addr
 .text          0x000000000000d398        0x0 /home/parallels/altera_lite/16.0/nios2eds/bin/gnu/H-x86_64-pc-linux-gnu/bin/../lib/gcc/nios2-elf/5.2.0/../../../../../H-x86_64-pc-linux-gnu/nios2-elf/lib/mno-hw-mul/libc.a(lib_a-atexit.o)
 .text.atexit   0x000000000000d398       0x14 /home/parallels/altera_lite/16.0/nios2eds/bin/gnu/H-x86_64-pc-linux-gnu/bin/../lib/gcc/nios2-elf/5.2.0/../../../../../H-x86_64-pc-linux-gnu/nios2-elf/lib/mno-hw-mul/libc.a(lib_a-atexit.o)
                0x000000000000d398                atexit
 .text          0x000000000000d3ac        0x0 /home/parallels/altera_lite/16.0/nios2eds/bin/gnu/H-x86_64-pc-linux-gnu/bin/../lib/gcc/nios2-elf/5.2.0/../../../../../H-x86_64-pc-linux-gnu/nios2-elf/lib/mno-hw-mul/libc.a(lib_a-exit.o)
 .text.exit     0x000000000000d3ac       0x38 /home/parallels/altera_lite/16.0/nios2eds/bin/gnu/H-x86_64-pc-linux-gnu/bin/../lib/gcc/nios2-elf/5.2.0/../../../../../H-x86_64-pc-linux-gnu/nios2-elf/lib/mno-hw-mul/libc.a(lib_a-exit.o)
                0x000000000000d3ac                exit
 .text          0x000000000000d3e4        0x0 /home/parallels/altera_lite/16.0/nios2eds/bin/gnu/H-x86_64-pc-linux-gnu/bin/../lib/gcc/nios2-elf/5.2.0/../../../../../H-x86_64-pc-linux-gnu/nios2-elf/lib/mno-hw-mul/libc.a(lib_a-memcmp.o)
 .text.memcmp   0x000000000000d3e4       0x7c /home/parallels/altera_lite/16.0/nios2eds/bin/gnu/H-x86_64-pc-linux-gnu/bin/../lib/gcc/nios2-elf/5.2.0/../../../../../H-x86_64-pc-linux-gnu/nios2-elf/lib/mno-hw-mul/libc.a(lib_a-memcmp.o)
                0x000000000000d3e4                memcmp
 .text          0x000000000000d460        0x0 /home/parallels/altera_lite/16.0/nios2eds/bin/gnu/H-x86_64-pc-linux-gnu/bin/../lib/gcc/nios2-elf/5.2.0/../../../../../H-x86_64-pc-linux-gnu/nios2-elf/lib/mno-hw-mul/libc.a(lib_a-__atexit.o)
 .text.__register_exitproc
                0x000000000000d460      0x118 /home/parallels/altera_lite/16.0/nios2eds/bin/gnu/H-x86_64-pc-linux-gnu/bin/../lib/gcc/nios2-elf/5.2.0/../../../../../H-x86_64-pc-linux-gnu/nios2-elf/lib/mno-hw-mul/libc.a(lib_a-__atexit.o)
                0x000000000000d460                __register_exitproc
 .text          0x000000000000d578        0x0 /home/parallels/altera_lite/16.0/nios2eds/bin/gnu/H-x86_64-pc-linux-gnu/bin/../lib/gcc/nios2-elf/5.2.0/../../../../../H-x86_64-pc-linux-gnu/nios2-elf/lib/mno-hw-mul/libc.a(lib_a-__call_atexit.o)
 .text.__call_exitprocs
                0x000000000000d578      0x180 /home/parallels/altera_lite/16.0/nios2eds/bin/gnu/H-x86_64-pc-linux-gnu/bin/../lib/gcc/nios2-elf/5.2.0/../../../../../H-x86_64-pc-linux-gnu/nios2-elf/lib/mno-hw-mul/libc.a(lib_a-__call_atexit.o)
                0x000000000000d578                __call_exitprocs
 .text          0x000000000000d6f8       0x34 ../nios2_16_bsp//libhal_bsp.a(alt_exit.o)
                0x000000000000d6f8                _exit
 *(.gnu.warning.*)
 *(.fini)
                [!provide]                        PROVIDE (__etext, ABSOLUTE (.))
                [!provide]                        PROVIDE (_etext, ABSOLUTE (.))
                [!provide]                        PROVIDE (etext, ABSOLUTE (.))
 *(.eh_frame_hdr)
                0x000000000000d72c                . = ALIGN (0x4)
                [!provide]                        PROVIDE (__preinit_array_start, ABSOLUTE (.))
 *(.preinit_array)
                [!provide]                        PROVIDE (__preinit_array_end, ABSOLUTE (.))
                [!provide]                        PROVIDE (__init_array_start, ABSOLUTE (.))
 *(.init_array)
                [!provide]                        PROVIDE (__init_array_end, ABSOLUTE (.))
                [!provide]                        PROVIDE (__fini_array_start, ABSOLUTE (.))
 *(.fini_array)
                [!provide]                        PROVIDE (__fini_array_end, ABSOLUTE (.))
 *(.eh_frame)
 *(.gcc_except_table .gcc_except_table.*)
 *(.dynamic)
                0x000000000000d72c                PROVIDE (__CTOR_LIST__, ABSOLUTE (.))
 *(.ctors)
 *(SORT(.ctors.*))
                0x000000000000d72c                PROVIDE (__CTOR_END__, ABSOLUTE (.))
                0x000000000000d72c                PROVIDE (__DTOR_LIST__, ABSOLUTE (.))
 *(.dtors)
 *(SORT(.dtors.*))
                0x000000000000d72c                PROVIDE (__DTOR_END__, ABSOLUTE (.))
 *(.jcr)
                0x000000000000d72c                . = ALIGN (0x4)

.rodata         0x000000000000d72c       0x50
                0x000000000000d72c                PROVIDE (__ram_rodata_start, ABSOLUTE (.))
                0x000000000000d72c                . = ALIGN (0x4)
 *(.rodata .rodata.* .gnu.linkonce.r.*)
 .rodata        0x000000000000d72c       0x14 obj/default/hello_world.o
 .rodata.str1.4
                0x000000000000d740        0x2 /home/parallels/altera_lite/16.0/nios2eds/bin/gnu/H-x86_64-pc-linux-gnu/bin/../lib/gcc/nios2-elf/5.2.0/../../../../../H-x86_64-pc-linux-gnu/nios2-elf/lib/mno-hw-mul/libc.a(lib_a-puts.o)
 *fill*         0x000000000000d742        0x2 
 .rodata.str1.4
                0x000000000000d744        0x4 /home/parallels/altera_lite/16.0/nios2eds/bin/gnu/H-x86_64-pc-linux-gnu/bin/../lib/gcc/nios2-elf/5.2.0/../../../../../H-x86_64-pc-linux-gnu/nios2-elf/lib/mno-hw-mul/libc.a(lib_a-impure.o)
                                          0x2 (size before relaxing)
 .rodata        0x000000000000d748        0xa ../nios2_16_bsp//libhal_bsp.a(alt_dev.o)
 *fill*         0x000000000000d752        0x2 
 .rodata        0x000000000000d754       0x11 ../nios2_16_bsp//libhal_bsp.a(alt_main.o)
 *fill*         0x000000000000d765        0x3 
 .rodata        0x000000000000d768       0x11 ../nios2_16_bsp//libhal_bsp.a(alt_sys_init.o)
 *(.rodata1)
                0x000000000000d77c                . = ALIGN (0x4)
 *fill*         0x000000000000d779        0x3 
                0x000000000000d77c                PROVIDE (__ram_rodata_end, ABSOLUTE (.))
                0x000000000000d72c                PROVIDE (__flash_rodata_start, LOADADDR (.rodata))

.rwdata         0x000000000000d77c     0x1a6c load address 0x000000000000f1e8
                0x000000000000d77c                PROVIDE (__ram_rwdata_start, ABSOLUTE (.))
                0x000000000000d77c                . = ALIGN (0x4)
 *(.got.plt)
 *(.got)
 *(.data1)
 *(.data .data.* .gnu.linkonce.d.*)
 .data          0x000000000000d77c        0x0 ../nios2_16_bsp//obj/HAL/src/crt0.o
 .data          0x000000000000d77c        0x0 obj/default/hello_world.o
 .data          0x000000000000d77c        0x0 /home/parallels/altera_lite/16.0/nios2eds/bin/gnu/H-x86_64-pc-linux-gnu/bin/../lib/gcc/nios2-elf/5.2.0/../../../../../H-x86_64-pc-linux-gnu/nios2-elf/lib/mno-hw-mul/libc.a(lib_a-puts.o)
 .data          0x000000000000d77c        0x0 /home/parallels/altera_lite/16.0/nios2eds/bin/gnu/H-x86_64-pc-linux-gnu/bin/../lib/gcc/nios2-elf/5.2.0/../../../../../H-x86_64-pc-linux-gnu/nios2-elf/lib/mno-hw-mul/libc.a(lib_a-strlen.o)
 .data          0x000000000000d77c        0x0 /home/parallels/altera_lite/16.0/nios2eds/bin/gnu/H-x86_64-pc-linux-gnu/bin/../lib/gcc/nios2-elf/5.2.0/../../../../../H-x86_64-pc-linux-gnu/nios2-elf/lib/mno-hw-mul/libc.a(lib_a-findfp.o)
 .data          0x000000000000d77c        0x0 /home/parallels/altera_lite/16.0/nios2eds/bin/gnu/H-x86_64-pc-linux-gnu/bin/../lib/gcc/nios2-elf/5.2.0/../../../../../H-x86_64-pc-linux-gnu/nios2-elf/lib/mno-hw-mul/libc.a(lib_a-fvwrite.o)
 .data          0x000000000000d77c        0x0 /home/parallels/altera_lite/16.0/nios2eds/bin/gnu/H-x86_64-pc-linux-gnu/bin/../lib/gcc/nios2-elf/5.2.0/../../../../../H-x86_64-pc-linux-gnu/nios2-elf/lib/mno-hw-mul/libc.a(lib_a-fwalk.o)
 .data          0x000000000000d77c        0x0 /home/parallels/altera_lite/16.0/nios2eds/bin/gnu/H-x86_64-pc-linux-gnu/bin/../lib/gcc/nios2-elf/5.2.0/../../../../../H-x86_64-pc-linux-gnu/nios2-elf/lib/mno-hw-mul/libc.a(lib_a-impure.o)
 .data.impure_data
                0x000000000000d77c      0x424 /home/parallels/altera_lite/16.0/nios2eds/bin/gnu/H-x86_64-pc-linux-gnu/bin/../lib/gcc/nios2-elf/5.2.0/../../../../../H-x86_64-pc-linux-gnu/nios2-elf/lib/mno-hw-mul/libc.a(lib_a-impure.o)
 .data          0x000000000000dba0        0x0 /home/parallels/altera_lite/16.0/nios2eds/bin/gnu/H-x86_64-pc-linux-gnu/bin/../lib/gcc/nios2-elf/5.2.0/../../../../../H-x86_64-pc-linux-gnu/nios2-elf/lib/mno-hw-mul/libc.a(lib_a-mallocr.o)
 .data.__malloc_av_
                0x000000000000dba0      0x408 /home/parallels/altera_lite/16.0/nios2eds/bin/gnu/H-x86_64-pc-linux-gnu/bin/../lib/gcc/nios2-elf/5.2.0/../../../../../H-x86_64-pc-linux-gnu/nios2-elf/lib/mno-hw-mul/libc.a(lib_a-mallocr.o)
                0x000000000000dba0                __malloc_av_
 .data          0x000000000000dfa8        0x0 /home/parallels/altera_lite/16.0/nios2eds/bin/gnu/H-x86_64-pc-linux-gnu/bin/../lib/gcc/nios2-elf/5.2.0/../../../../../H-x86_64-pc-linux-gnu/nios2-elf/lib/mno-hw-mul/libc.a(lib_a-memchr.o)
 .data          0x000000000000dfa8        0x0 /home/parallels/altera_lite/16.0/nios2eds/bin/gnu/H-x86_64-pc-linux-gnu/bin/../lib/gcc/nios2-elf/5.2.0/../../../../../H-x86_64-pc-linux-gnu/nios2-elf/lib/mno-hw-mul/libc.a(lib_a-memcpy.o)
 .data          0x000000000000dfa8        0x0 /home/parallels/altera_lite/16.0/nios2eds/bin/gnu/H-x86_64-pc-linux-gnu/bin/../lib/gcc/nios2-elf/5.2.0/../../../../../H-x86_64-pc-linux-gnu/nios2-elf/lib/mno-hw-mul/libc.a(lib_a-memmove.o)
 .data          0x000000000000dfa8        0x0 /home/parallels/altera_lite/16.0/nios2eds/bin/gnu/H-x86_64-pc-linux-gnu/bin/../lib/gcc/nios2-elf/5.2.0/../../../../../H-x86_64-pc-linux-gnu/nios2-elf/lib/mno-hw-mul/libc.a(lib_a-memset.o)
 .data          0x000000000000dfa8        0x0 /home/parallels/altera_lite/16.0/nios2eds/bin/gnu/H-x86_64-pc-linux-gnu/bin/../lib/gcc/nios2-elf/5.2.0/../../../../../H-x86_64-pc-linux-gnu/nios2-elf/lib/mno-hw-mul/libc.a(lib_a-reallocr.o)
 .data          0x000000000000dfa8        0x0 /home/parallels/altera_lite/16.0/nios2eds/bin/gnu/H-x86_64-pc-linux-gnu/bin/../lib/gcc/nios2-elf/5.2.0/../../../../../H-x86_64-pc-linux-gnu/nios2-elf/lib/mno-hw-mul/libc.a(lib_a-sbrkr.o)
 .data          0x000000000000dfa8        0x0 /home/parallels/altera_lite/16.0/nios2eds/bin/gnu/H-x86_64-pc-linux-gnu/bin/../lib/gcc/nios2-elf/5.2.0/../../../../../H-x86_64-pc-linux-gnu/nios2-elf/lib/mno-hw-mul/libc.a(lib_a-stdio.o)
 .data          0x000000000000dfa8        0x0 /home/parallels/altera_lite/16.0/nios2eds/bin/gnu/H-x86_64-pc-linux-gnu/bin/../lib/gcc/nios2-elf/5.2.0/../../../../../H-x86_64-pc-linux-gnu/nios2-elf/lib/mno-hw-mul/libc.a(lib_a-writer.o)
 .data          0x000000000000dfa8        0x0 /home/parallels/altera_lite/16.0/nios2eds/bin/gnu/H-x86_64-pc-linux-gnu/bin/../lib/gcc/nios2-elf/5.2.0/../../../../../H-x86_64-pc-linux-gnu/nios2-elf/lib/mno-hw-mul/libc.a(lib_a-wsetup.o)
 .data          0x000000000000dfa8        0x0 /home/parallels/altera_lite/16.0/nios2eds/bin/gnu/H-x86_64-pc-linux-gnu/bin/../lib/gcc/nios2-elf/5.2.0/../../../../../H-x86_64-pc-linux-gnu/nios2-elf/lib/mno-hw-mul/libc.a(closer.o)
 .data          0x000000000000dfa8        0x0 /home/parallels/altera_lite/16.0/nios2eds/bin/gnu/H-x86_64-pc-linux-gnu/bin/../lib/gcc/nios2-elf/5.2.0/../../../../../H-x86_64-pc-linux-gnu/nios2-elf/lib/mno-hw-mul/libc.a(lib_a-fclose.o)
 .data          0x000000000000dfa8        0x0 /home/parallels/altera_lite/16.0/nios2eds/bin/gnu/H-x86_64-pc-linux-gnu/bin/../lib/gcc/nios2-elf/5.2.0/../../../../../H-x86_64-pc-linux-gnu/nios2-elf/lib/mno-hw-mul/libc.a(lib_a-fflush.o)
 .data          0x000000000000dfa8        0x0 /home/parallels/altera_lite/16.0/nios2eds/bin/gnu/H-x86_64-pc-linux-gnu/bin/../lib/gcc/nios2-elf/5.2.0/../../../../../H-x86_64-pc-linux-gnu/nios2-elf/lib/mno-hw-mul/libc.a(lib_a-freer.o)
 .data          0x000000000000dfa8        0x0 /home/parallels/altera_lite/16.0/nios2eds/bin/gnu/H-x86_64-pc-linux-gnu/bin/../lib/gcc/nios2-elf/5.2.0/../../../../../H-x86_64-pc-linux-gnu/nios2-elf/lib/mno-hw-mul/libc.a(lib_a-int_errno.o)
 .data          0x000000000000dfa8        0x0 /home/parallels/altera_lite/16.0/nios2eds/bin/gnu/H-x86_64-pc-linux-gnu/bin/../lib/gcc/nios2-elf/5.2.0/../../../../../H-x86_64-pc-linux-gnu/nios2-elf/lib/mno-hw-mul/libc.a(lib_a-lseekr.o)
 .data          0x000000000000dfa8        0x0 /home/parallels/altera_lite/16.0/nios2eds/bin/gnu/H-x86_64-pc-linux-gnu/bin/../lib/gcc/nios2-elf/5.2.0/../../../../../H-x86_64-pc-linux-gnu/nios2-elf/lib/mno-hw-mul/libc.a(lib_a-makebuf.o)
 .data          0x000000000000dfa8        0x0 /home/parallels/altera_lite/16.0/nios2eds/bin/gnu/H-x86_64-pc-linux-gnu/bin/../lib/gcc/nios2-elf/5.2.0/../../../../../H-x86_64-pc-linux-gnu/nios2-elf/lib/mno-hw-mul/libc.a(lib_a-readr.o)
 .data          0x000000000000dfa8        0x0 /home/parallels/altera_lite/16.0/nios2eds/bin/gnu/H-x86_64-pc-linux-gnu/bin/../lib/gcc/nios2-elf/5.2.0/../../../../../H-x86_64-pc-linux-gnu/nios2-elf/lib/mno-hw-mul/libc.a(lib_a-fstatr.o)
 .data          0x000000000000dfa8        0x0 /home/parallels/altera_lite/16.0/nios2eds/bin/gnu/H-x86_64-pc-linux-gnu/bin/../lib/gcc/nios2-elf/5.2.0/../../../../../H-x86_64-pc-linux-gnu/nios2-elf/lib/mno-hw-mul/libc.a(lib_a-isattyr.o)
 .data          0x000000000000dfa8        0x0 /home/parallels/altera_lite/16.0/nios2eds/bin/gnu/H-x86_64-pc-linux-gnu/bin/../lib/gcc/nios2-elf/5.2.0/mno-hw-mul/libgcc.a(lib2-divmod.o)
 .data          0x000000000000dfa8        0x0 /home/parallels/altera_lite/16.0/nios2eds/bin/gnu/H-x86_64-pc-linux-gnu/bin/../lib/gcc/nios2-elf/5.2.0/mno-hw-mul/libgcc.a(lib2-mul.o)
 .data          0x000000000000dfa8        0x0 ../nios2_16_bsp//libhal_bsp.a(alt_close.o)
 .data          0x000000000000dfa8      0x1a8 ../nios2_16_bsp//libhal_bsp.a(alt_dev.o)
                0x000000000000dfa8                alt_dev_null
                0x000000000000dfd0                alt_fd_list
 .data          0x000000000000e150        0x0 ../nios2_16_bsp//libhal_bsp.a(alt_errno.o)
 .data          0x000000000000e150        0x0 ../nios2_16_bsp//libhal_bsp.a(alt_fstat.o)
 .data          0x000000000000e150        0x0 ../nios2_16_bsp//libhal_bsp.a(alt_isatty.o)
 .data          0x000000000000e150        0x0 ../nios2_16_bsp//libhal_bsp.a(alt_load.o)
 .data          0x000000000000e150        0x0 ../nios2_16_bsp//libhal_bsp.a(alt_lseek.o)
 .data          0x000000000000e150        0x0 ../nios2_16_bsp//libhal_bsp.a(alt_main.o)
 .data          0x000000000000e150        0x0 ../nios2_16_bsp//libhal_bsp.a(alt_malloc_lock.o)
 .data          0x000000000000e150        0x0 ../nios2_16_bsp//libhal_bsp.a(alt_read.o)
 .data          0x000000000000e150        0x0 ../nios2_16_bsp//libhal_bsp.a(alt_release_fd.o)
 .data          0x000000000000e150        0x0 ../nios2_16_bsp//libhal_bsp.a(alt_sbrk.o)
 .data          0x000000000000e150        0x0 ../nios2_16_bsp//libhal_bsp.a(alt_write.o)
 .data          0x000000000000e150     0x1060 ../nios2_16_bsp//libhal_bsp.a(alt_sys_init.o)
 .data          0x000000000000f1b0        0x0 ../nios2_16_bsp//libhal_bsp.a(altera_avalon_jtag_uart_fd.o)
 .data          0x000000000000f1b0        0x0 ../nios2_16_bsp//libhal_bsp.a(altera_avalon_jtag_uart_init.o)
 .data          0x000000000000f1b0        0x0 ../nios2_16_bsp//libhal_bsp.a(altera_avalon_jtag_uart_ioctl.o)
 .data          0x000000000000f1b0        0x0 ../nios2_16_bsp//libhal_bsp.a(altera_avalon_jtag_uart_read.o)
 .data          0x000000000000f1b0        0x0 ../nios2_16_bsp//libhal_bsp.a(altera_avalon_jtag_uart_write.o)
 .data          0x000000000000f1b0        0x0 ../nios2_16_bsp//libhal_bsp.a(alt_alarm_start.o)
 .data          0x000000000000f1b0        0x0 ../nios2_16_bsp//libhal_bsp.a(alt_dcache_flush_all.o)
 .data          0x000000000000f1b0        0x0 ../nios2_16_bsp//libhal_bsp.a(alt_dev_llist_insert.o)
 .data          0x000000000000f1b0        0x0 ../nios2_16_bsp//libhal_bsp.a(alt_do_ctors.o)
 .data          0x000000000000f1b0        0x0 ../nios2_16_bsp//libhal_bsp.a(alt_do_dtors.o)
 .data          0x000000000000f1b0        0x0 ../nios2_16_bsp//libhal_bsp.a(alt_icache_flush_all.o)
 .data          0x000000000000f1b0        0x0 ../nios2_16_bsp//libhal_bsp.a(alt_io_redirect.o)
 .data          0x000000000000f1b0        0x0 ../nios2_16_bsp//libhal_bsp.a(alt_irq_register.o)
 .data          0x000000000000f1b0        0x0 ../nios2_16_bsp//libhal_bsp.a(alt_irq_vars.o)
 .data          0x000000000000f1b0        0x0 ../nios2_16_bsp//libhal_bsp.a(alt_open.o)
 .data          0x000000000000f1b0        0x0 ../nios2_16_bsp//libhal_bsp.a(alt_tick.o)
 .data          0x000000000000f1b0        0x0 ../nios2_16_bsp//libhal_bsp.a(altera_nios2_gen2_irq.o)
 .data          0x000000000000f1b0        0x0 ../nios2_16_bsp//libhal_bsp.a(alt_find_dev.o)
 .data          0x000000000000f1b0        0x0 ../nios2_16_bsp//libhal_bsp.a(alt_find_file.o)
 .data          0x000000000000f1b0        0x0 ../nios2_16_bsp//libhal_bsp.a(alt_get_fd.o)
 .data          0x000000000000f1b0        0x0 ../nios2_16_bsp//libhal_bsp.a(alt_irq_entry.o)
 .data          0x000000000000f1b0        0x0 ../nios2_16_bsp//libhal_bsp.a(alt_irq_handler.o)
 .data          0x000000000000f1b0        0x0 ../nios2_16_bsp//libhal_bsp.a(alt_exception_entry.o)
 .data          0x000000000000f1b0        0x0 ../nios2_16_bsp//libhal_bsp.a(alt_instruction_exception_entry.o)
 .data          0x000000000000f1b0        0x0 /home/parallels/altera_lite/16.0/nios2eds/bin/gnu/H-x86_64-pc-linux-gnu/bin/../lib/gcc/nios2-elf/5.2.0/../../../../../H-x86_64-pc-linux-gnu/nios2-elf/lib/mno-hw-mul/libc.a(lib_a-atexit.o)
 .data          0x000000000000f1b0        0x0 /home/parallels/altera_lite/16.0/nios2eds/bin/gnu/H-x86_64-pc-linux-gnu/bin/../lib/gcc/nios2-elf/5.2.0/../../../../../H-x86_64-pc-linux-gnu/nios2-elf/lib/mno-hw-mul/libc.a(lib_a-exit.o)
 .data          0x000000000000f1b0        0x0 /home/parallels/altera_lite/16.0/nios2eds/bin/gnu/H-x86_64-pc-linux-gnu/bin/../lib/gcc/nios2-elf/5.2.0/../../../../../H-x86_64-pc-linux-gnu/nios2-elf/lib/mno-hw-mul/libc.a(lib_a-memcmp.o)
 .data          0x000000000000f1b0        0x0 /home/parallels/altera_lite/16.0/nios2eds/bin/gnu/H-x86_64-pc-linux-gnu/bin/../lib/gcc/nios2-elf/5.2.0/../../../../../H-x86_64-pc-linux-gnu/nios2-elf/lib/mno-hw-mul/libc.a(lib_a-__atexit.o)
 .data          0x000000000000f1b0        0x0 /home/parallels/altera_lite/16.0/nios2eds/bin/gnu/H-x86_64-pc-linux-gnu/bin/../lib/gcc/nios2-elf/5.2.0/../../../../../H-x86_64-pc-linux-gnu/nios2-elf/lib/mno-hw-mul/libc.a(lib_a-__call_atexit.o)
 .data          0x000000000000f1b0        0x0 ../nios2_16_bsp//libhal_bsp.a(alt_exit.o)
                0x00000000000171b0                _gp = ABSOLUTE ((. + 0x8000))
                [!provide]                        PROVIDE (gp, _gp)
 *(.rwdata .rwdata.*)
 *(.sdata .sdata.* .gnu.linkonce.s.*)
 .sdata._global_impure_ptr
                0x000000000000f1b0        0x4 /home/parallels/altera_lite/16.0/nios2eds/bin/gnu/H-x86_64-pc-linux-gnu/bin/../lib/gcc/nios2-elf/5.2.0/../../../../../H-x86_64-pc-linux-gnu/nios2-elf/lib/mno-hw-mul/libc.a(lib_a-impure.o)
                0x000000000000f1b0                _global_impure_ptr
 .sdata._impure_ptr
                0x000000000000f1b4        0x4 /home/parallels/altera_lite/16.0/nios2eds/bin/gnu/H-x86_64-pc-linux-gnu/bin/../lib/gcc/nios2-elf/5.2.0/../../../../../H-x86_64-pc-linux-gnu/nios2-elf/lib/mno-hw-mul/libc.a(lib_a-impure.o)
                0x000000000000f1b4                _impure_ptr
 .sdata.__malloc_sbrk_base
                0x000000000000f1b8        0x4 /home/parallels/altera_lite/16.0/nios2eds/bin/gnu/H-x86_64-pc-linux-gnu/bin/../lib/gcc/nios2-elf/5.2.0/../../../../../H-x86_64-pc-linux-gnu/nios2-elf/lib/mno-hw-mul/libc.a(lib_a-mallocr.o)
                0x000000000000f1b8                __malloc_sbrk_base
 .sdata.__malloc_trim_threshold
                0x000000000000f1bc        0x4 /home/parallels/altera_lite/16.0/nios2eds/bin/gnu/H-x86_64-pc-linux-gnu/bin/../lib/gcc/nios2-elf/5.2.0/../../../../../H-x86_64-pc-linux-gnu/nios2-elf/lib/mno-hw-mul/libc.a(lib_a-mallocr.o)
                0x000000000000f1bc                __malloc_trim_threshold
 .sdata         0x000000000000f1c0       0x14 ../nios2_16_bsp//libhal_bsp.a(alt_dev.o)
                0x000000000000f1c0                alt_fs_list
                0x000000000000f1c8                alt_dev_list
                0x000000000000f1d0                alt_max_fd
 .sdata         0x000000000000f1d4        0x4 ../nios2_16_bsp//libhal_bsp.a(alt_errno.o)
                0x000000000000f1d4                alt_errno
 .sdata         0x000000000000f1d8        0x4 ../nios2_16_bsp//libhal_bsp.a(alt_sbrk.o)
 .sdata         0x000000000000f1dc        0x4 ../nios2_16_bsp//libhal_bsp.a(alt_irq_vars.o)
                0x000000000000f1dc                alt_priority_mask
 .sdata         0x000000000000f1e0        0x8 ../nios2_16_bsp//libhal_bsp.a(alt_tick.o)
                0x000000000000f1e0                alt_alarm_list
 *(.sdata2 .sdata2.* .gnu.linkonce.s2.*)
                0x000000000000f1e8                . = ALIGN (0x4)
                0x000000000000f1e8                _edata = ABSOLUTE (.)
                [!provide]                        PROVIDE (edata, ABSOLUTE (.))
                0x000000000000f1e8                PROVIDE (__ram_rwdata_end, ABSOLUTE (.))
                0x000000000000f1e8                PROVIDE (__flash_rwdata_start, LOADADDR (.rwdata))

.bss            0x0000000000010c54      0x154
                0x0000000000010c54                __bss_start = ABSOLUTE (.)
                [!provide]                        PROVIDE (__sbss_start, ABSOLUTE (.))
                [!provide]                        PROVIDE (___sbss_start, ABSOLUTE (.))
 *(.dynsbss)
 *(.sbss .sbss.* .gnu.linkonce.sb.*)
 .sbss.__malloc_max_total_mem
                0x0000000000010c54        0x4 /home/parallels/altera_lite/16.0/nios2eds/bin/gnu/H-x86_64-pc-linux-gnu/bin/../lib/gcc/nios2-elf/5.2.0/../../../../../H-x86_64-pc-linux-gnu/nios2-elf/lib/mno-hw-mul/libc.a(lib_a-mallocr.o)
                0x0000000000010c54                __malloc_max_total_mem
 .sbss.__malloc_max_sbrked_mem
                0x0000000000010c58        0x4 /home/parallels/altera_lite/16.0/nios2eds/bin/gnu/H-x86_64-pc-linux-gnu/bin/../lib/gcc/nios2-elf/5.2.0/../../../../../H-x86_64-pc-linux-gnu/nios2-elf/lib/mno-hw-mul/libc.a(lib_a-mallocr.o)
                0x0000000000010c58                __malloc_max_sbrked_mem
 .sbss.__malloc_top_pad
                0x0000000000010c5c        0x4 /home/parallels/altera_lite/16.0/nios2eds/bin/gnu/H-x86_64-pc-linux-gnu/bin/../lib/gcc/nios2-elf/5.2.0/../../../../../H-x86_64-pc-linux-gnu/nios2-elf/lib/mno-hw-mul/libc.a(lib_a-mallocr.o)
                0x0000000000010c5c                __malloc_top_pad
 .sbss          0x0000000000010c60        0x4 /home/parallels/altera_lite/16.0/nios2eds/bin/gnu/H-x86_64-pc-linux-gnu/bin/../lib/gcc/nios2-elf/5.2.0/../../../../../H-x86_64-pc-linux-gnu/nios2-elf/lib/mno-hw-mul/libc.a(lib_a-int_errno.o)
                0x0000000000010c60                errno
 .sbss          0x0000000000010c64        0xc ../nios2_16_bsp//libhal_bsp.a(alt_main.o)
                0x0000000000010c64                alt_argc
                0x0000000000010c68                alt_argv
                0x0000000000010c6c                alt_envp
 .sbss          0x0000000000010c70        0x4 ../nios2_16_bsp//libhal_bsp.a(alt_irq_vars.o)
                0x0000000000010c70                alt_irq_active
 .sbss          0x0000000000010c74        0x8 ../nios2_16_bsp//libhal_bsp.a(alt_tick.o)
                0x0000000000010c74                _alt_tick_rate
                0x0000000000010c78                _alt_nticks
 .sbss          0x0000000000010c7c        0x4 ../nios2_16_bsp//libhal_bsp.a(alt_instruction_exception_entry.o)
                0x0000000000010c7c                alt_instruction_exception_handler
 *(.sbss2 .sbss2.* .gnu.linkonce.sb2.*)
 *(.scommon)
                [!provide]                        PROVIDE (__sbss_end, ABSOLUTE (.))
                [!provide]                        PROVIDE (___sbss_end, ABSOLUTE (.))
 *(.dynbss)
 *(.bss .bss.* .gnu.linkonce.b.*)
 .bss           0x0000000000010c80        0x0 ../nios2_16_bsp//obj/HAL/src/crt0.o
 .bss           0x0000000000010c80        0x0 obj/default/hello_world.o
 .bss           0x0000000000010c80        0x0 /home/parallels/altera_lite/16.0/nios2eds/bin/gnu/H-x86_64-pc-linux-gnu/bin/../lib/gcc/nios2-elf/5.2.0/../../../../../H-x86_64-pc-linux-gnu/nios2-elf/lib/mno-hw-mul/libc.a(lib_a-puts.o)
 .bss           0x0000000000010c80        0x0 /home/parallels/altera_lite/16.0/nios2eds/bin/gnu/H-x86_64-pc-linux-gnu/bin/../lib/gcc/nios2-elf/5.2.0/../../../../../H-x86_64-pc-linux-gnu/nios2-elf/lib/mno-hw-mul/libc.a(lib_a-strlen.o)
 .bss           0x0000000000010c80        0x0 /home/parallels/altera_lite/16.0/nios2eds/bin/gnu/H-x86_64-pc-linux-gnu/bin/../lib/gcc/nios2-elf/5.2.0/../../../../../H-x86_64-pc-linux-gnu/nios2-elf/lib/mno-hw-mul/libc.a(lib_a-findfp.o)
 .bss           0x0000000000010c80        0x0 /home/parallels/altera_lite/16.0/nios2eds/bin/gnu/H-x86_64-pc-linux-gnu/bin/../lib/gcc/nios2-elf/5.2.0/../../../../../H-x86_64-pc-linux-gnu/nios2-elf/lib/mno-hw-mul/libc.a(lib_a-fvwrite.o)
 .bss           0x0000000000010c80        0x0 /home/parallels/altera_lite/16.0/nios2eds/bin/gnu/H-x86_64-pc-linux-gnu/bin/../lib/gcc/nios2-elf/5.2.0/../../../../../H-x86_64-pc-linux-gnu/nios2-elf/lib/mno-hw-mul/libc.a(lib_a-fwalk.o)
 .bss           0x0000000000010c80        0x0 /home/parallels/altera_lite/16.0/nios2eds/bin/gnu/H-x86_64-pc-linux-gnu/bin/../lib/gcc/nios2-elf/5.2.0/../../../../../H-x86_64-pc-linux-gnu/nios2-elf/lib/mno-hw-mul/libc.a(lib_a-impure.o)
 .bss           0x0000000000010c80        0x0 /home/parallels/altera_lite/16.0/nios2eds/bin/gnu/H-x86_64-pc-linux-gnu/bin/../lib/gcc/nios2-elf/5.2.0/../../../../../H-x86_64-pc-linux-gnu/nios2-elf/lib/mno-hw-mul/libc.a(lib_a-mallocr.o)
 .bss.__malloc_current_mallinfo
                0x0000000000010c80       0x28 /home/parallels/altera_lite/16.0/nios2eds/bin/gnu/H-x86_64-pc-linux-gnu/bin/../lib/gcc/nios2-elf/5.2.0/../../../../../H-x86_64-pc-linux-gnu/nios2-elf/lib/mno-hw-mul/libc.a(lib_a-mallocr.o)
                0x0000000000010c80                __malloc_current_mallinfo
 .bss           0x0000000000010ca8        0x0 /home/parallels/altera_lite/16.0/nios2eds/bin/gnu/H-x86_64-pc-linux-gnu/bin/../lib/gcc/nios2-elf/5.2.0/../../../../../H-x86_64-pc-linux-gnu/nios2-elf/lib/mno-hw-mul/libc.a(lib_a-memchr.o)
 .bss           0x0000000000010ca8        0x0 /home/parallels/altera_lite/16.0/nios2eds/bin/gnu/H-x86_64-pc-linux-gnu/bin/../lib/gcc/nios2-elf/5.2.0/../../../../../H-x86_64-pc-linux-gnu/nios2-elf/lib/mno-hw-mul/libc.a(lib_a-memcpy.o)
 .bss           0x0000000000010ca8        0x0 /home/parallels/altera_lite/16.0/nios2eds/bin/gnu/H-x86_64-pc-linux-gnu/bin/../lib/gcc/nios2-elf/5.2.0/../../../../../H-x86_64-pc-linux-gnu/nios2-elf/lib/mno-hw-mul/libc.a(lib_a-memmove.o)
 .bss           0x0000000000010ca8        0x0 /home/parallels/altera_lite/16.0/nios2eds/bin/gnu/H-x86_64-pc-linux-gnu/bin/../lib/gcc/nios2-elf/5.2.0/../../../../../H-x86_64-pc-linux-gnu/nios2-elf/lib/mno-hw-mul/libc.a(lib_a-memset.o)
 .bss           0x0000000000010ca8        0x0 /home/parallels/altera_lite/16.0/nios2eds/bin/gnu/H-x86_64-pc-linux-gnu/bin/../lib/gcc/nios2-elf/5.2.0/../../../../../H-x86_64-pc-linux-gnu/nios2-elf/lib/mno-hw-mul/libc.a(lib_a-reallocr.o)
 .bss           0x0000000000010ca8        0x0 /home/parallels/altera_lite/16.0/nios2eds/bin/gnu/H-x86_64-pc-linux-gnu/bin/../lib/gcc/nios2-elf/5.2.0/../../../../../H-x86_64-pc-linux-gnu/nios2-elf/lib/mno-hw-mul/libc.a(lib_a-sbrkr.o)
 .bss           0x0000000000010ca8        0x0 /home/parallels/altera_lite/16.0/nios2eds/bin/gnu/H-x86_64-pc-linux-gnu/bin/../lib/gcc/nios2-elf/5.2.0/../../../../../H-x86_64-pc-linux-gnu/nios2-elf/lib/mno-hw-mul/libc.a(lib_a-stdio.o)
 .bss           0x0000000000010ca8        0x0 /home/parallels/altera_lite/16.0/nios2eds/bin/gnu/H-x86_64-pc-linux-gnu/bin/../lib/gcc/nios2-elf/5.2.0/../../../../../H-x86_64-pc-linux-gnu/nios2-elf/lib/mno-hw-mul/libc.a(lib_a-writer.o)
 .bss           0x0000000000010ca8        0x0 /home/parallels/altera_lite/16.0/nios2eds/bin/gnu/H-x86_64-pc-linux-gnu/bin/../lib/gcc/nios2-elf/5.2.0/../../../../../H-x86_64-pc-linux-gnu/nios2-elf/lib/mno-hw-mul/libc.a(lib_a-wsetup.o)
 .bss           0x0000000000010ca8        0x0 /home/parallels/altera_lite/16.0/nios2eds/bin/gnu/H-x86_64-pc-linux-gnu/bin/../lib/gcc/nios2-elf/5.2.0/../../../../../H-x86_64-pc-linux-gnu/nios2-elf/lib/mno-hw-mul/libc.a(closer.o)
 .bss           0x0000000000010ca8        0x0 /home/parallels/altera_lite/16.0/nios2eds/bin/gnu/H-x86_64-pc-linux-gnu/bin/../lib/gcc/nios2-elf/5.2.0/../../../../../H-x86_64-pc-linux-gnu/nios2-elf/lib/mno-hw-mul/libc.a(lib_a-fclose.o)
 .bss           0x0000000000010ca8        0x0 /home/parallels/altera_lite/16.0/nios2eds/bin/gnu/H-x86_64-pc-linux-gnu/bin/../lib/gcc/nios2-elf/5.2.0/../../../../../H-x86_64-pc-linux-gnu/nios2-elf/lib/mno-hw-mul/libc.a(lib_a-fflush.o)
 .bss           0x0000000000010ca8        0x0 /home/parallels/altera_lite/16.0/nios2eds/bin/gnu/H-x86_64-pc-linux-gnu/bin/../lib/gcc/nios2-elf/5.2.0/../../../../../H-x86_64-pc-linux-gnu/nios2-elf/lib/mno-hw-mul/libc.a(lib_a-freer.o)
 .bss           0x0000000000010ca8        0x0 /home/parallels/altera_lite/16.0/nios2eds/bin/gnu/H-x86_64-pc-linux-gnu/bin/../lib/gcc/nios2-elf/5.2.0/../../../../../H-x86_64-pc-linux-gnu/nios2-elf/lib/mno-hw-mul/libc.a(lib_a-int_errno.o)
 .bss           0x0000000000010ca8        0x0 /home/parallels/altera_lite/16.0/nios2eds/bin/gnu/H-x86_64-pc-linux-gnu/bin/../lib/gcc/nios2-elf/5.2.0/../../../../../H-x86_64-pc-linux-gnu/nios2-elf/lib/mno-hw-mul/libc.a(lib_a-lseekr.o)
 .bss           0x0000000000010ca8        0x0 /home/parallels/altera_lite/16.0/nios2eds/bin/gnu/H-x86_64-pc-linux-gnu/bin/../lib/gcc/nios2-elf/5.2.0/../../../../../H-x86_64-pc-linux-gnu/nios2-elf/lib/mno-hw-mul/libc.a(lib_a-makebuf.o)
 .bss           0x0000000000010ca8        0x0 /home/parallels/altera_lite/16.0/nios2eds/bin/gnu/H-x86_64-pc-linux-gnu/bin/../lib/gcc/nios2-elf/5.2.0/../../../../../H-x86_64-pc-linux-gnu/nios2-elf/lib/mno-hw-mul/libc.a(lib_a-readr.o)
 .bss           0x0000000000010ca8        0x0 /home/parallels/altera_lite/16.0/nios2eds/bin/gnu/H-x86_64-pc-linux-gnu/bin/../lib/gcc/nios2-elf/5.2.0/../../../../../H-x86_64-pc-linux-gnu/nios2-elf/lib/mno-hw-mul/libc.a(lib_a-fstatr.o)
 .bss           0x0000000000010ca8        0x0 /home/parallels/altera_lite/16.0/nios2eds/bin/gnu/H-x86_64-pc-linux-gnu/bin/../lib/gcc/nios2-elf/5.2.0/../../../../../H-x86_64-pc-linux-gnu/nios2-elf/lib/mno-hw-mul/libc.a(lib_a-isattyr.o)
 .bss           0x0000000000010ca8        0x0 /home/parallels/altera_lite/16.0/nios2eds/bin/gnu/H-x86_64-pc-linux-gnu/bin/../lib/gcc/nios2-elf/5.2.0/mno-hw-mul/libgcc.a(lib2-divmod.o)
 .bss           0x0000000000010ca8        0x0 /home/parallels/altera_lite/16.0/nios2eds/bin/gnu/H-x86_64-pc-linux-gnu/bin/../lib/gcc/nios2-elf/5.2.0/mno-hw-mul/libgcc.a(lib2-mul.o)
 .bss           0x0000000000010ca8        0x0 ../nios2_16_bsp//libhal_bsp.a(alt_close.o)
 .bss           0x0000000000010ca8        0x0 ../nios2_16_bsp//libhal_bsp.a(alt_dev.o)
 .bss           0x0000000000010ca8        0x0 ../nios2_16_bsp//libhal_bsp.a(alt_errno.o)
 .bss           0x0000000000010ca8        0x0 ../nios2_16_bsp//libhal_bsp.a(alt_fstat.o)
 .bss           0x0000000000010ca8        0x0 ../nios2_16_bsp//libhal_bsp.a(alt_isatty.o)
 .bss           0x0000000000010ca8        0x0 ../nios2_16_bsp//libhal_bsp.a(alt_load.o)
 .bss           0x0000000000010ca8        0x0 ../nios2_16_bsp//libhal_bsp.a(alt_lseek.o)
 .bss           0x0000000000010ca8        0x0 ../nios2_16_bsp//libhal_bsp.a(alt_main.o)
 .bss           0x0000000000010ca8        0x0 ../nios2_16_bsp//libhal_bsp.a(alt_malloc_lock.o)
 .bss           0x0000000000010ca8        0x0 ../nios2_16_bsp//libhal_bsp.a(alt_read.o)
 .bss           0x0000000000010ca8        0x0 ../nios2_16_bsp//libhal_bsp.a(alt_release_fd.o)
 .bss           0x0000000000010ca8        0x0 ../nios2_16_bsp//libhal_bsp.a(alt_sbrk.o)
 .bss           0x0000000000010ca8        0x0 ../nios2_16_bsp//libhal_bsp.a(alt_write.o)
 .bss           0x0000000000010ca8        0x0 ../nios2_16_bsp//libhal_bsp.a(alt_sys_init.o)
 .bss           0x0000000000010ca8        0x0 ../nios2_16_bsp//libhal_bsp.a(altera_avalon_jtag_uart_fd.o)
 .bss           0x0000000000010ca8        0x0 ../nios2_16_bsp//libhal_bsp.a(altera_avalon_jtag_uart_init.o)
 .bss           0x0000000000010ca8        0x0 ../nios2_16_bsp//libhal_bsp.a(altera_avalon_jtag_uart_ioctl.o)
 .bss           0x0000000000010ca8        0x0 ../nios2_16_bsp//libhal_bsp.a(altera_avalon_jtag_uart_read.o)
 .bss           0x0000000000010ca8        0x0 ../nios2_16_bsp//libhal_bsp.a(altera_avalon_jtag_uart_write.o)
 .bss           0x0000000000010ca8        0x0 ../nios2_16_bsp//libhal_bsp.a(alt_alarm_start.o)
 .bss           0x0000000000010ca8        0x0 ../nios2_16_bsp//libhal_bsp.a(alt_dcache_flush_all.o)
 .bss           0x0000000000010ca8        0x0 ../nios2_16_bsp//libhal_bsp.a(alt_dev_llist_insert.o)
 .bss           0x0000000000010ca8        0x0 ../nios2_16_bsp//libhal_bsp.a(alt_do_ctors.o)
 .bss           0x0000000000010ca8        0x0 ../nios2_16_bsp//libhal_bsp.a(alt_do_dtors.o)
 .bss           0x0000000000010ca8        0x0 ../nios2_16_bsp//libhal_bsp.a(alt_icache_flush_all.o)
 .bss           0x0000000000010ca8        0x0 ../nios2_16_bsp//libhal_bsp.a(alt_io_redirect.o)
 .bss           0x0000000000010ca8        0x0 ../nios2_16_bsp//libhal_bsp.a(alt_irq_register.o)
 .bss           0x0000000000010ca8        0x0 ../nios2_16_bsp//libhal_bsp.a(alt_irq_vars.o)
 .bss           0x0000000000010ca8        0x0 ../nios2_16_bsp//libhal_bsp.a(alt_open.o)
 .bss           0x0000000000010ca8        0x0 ../nios2_16_bsp//libhal_bsp.a(alt_tick.o)
 .bss           0x0000000000010ca8        0x0 ../nios2_16_bsp//libhal_bsp.a(altera_nios2_gen2_irq.o)
 .bss           0x0000000000010ca8        0x0 ../nios2_16_bsp//libhal_bsp.a(alt_find_dev.o)
 .bss           0x0000000000010ca8        0x0 ../nios2_16_bsp//libhal_bsp.a(alt_find_file.o)
 .bss           0x0000000000010ca8        0x0 ../nios2_16_bsp//libhal_bsp.a(alt_get_fd.o)
 .bss           0x0000000000010ca8        0x0 ../nios2_16_bsp//libhal_bsp.a(alt_irq_entry.o)
 .bss           0x0000000000010ca8        0x0 ../nios2_16_bsp//libhal_bsp.a(alt_irq_handler.o)
 .bss           0x0000000000010ca8        0x0 ../nios2_16_bsp//libhal_bsp.a(alt_exception_entry.o)
 .bss           0x0000000000010ca8        0x0 ../nios2_16_bsp//libhal_bsp.a(alt_instruction_exception_entry.o)
 .bss           0x0000000000010ca8        0x0 /home/parallels/altera_lite/16.0/nios2eds/bin/gnu/H-x86_64-pc-linux-gnu/bin/../lib/gcc/nios2-elf/5.2.0/../../../../../H-x86_64-pc-linux-gnu/nios2-elf/lib/mno-hw-mul/libc.a(lib_a-atexit.o)
 .bss           0x0000000000010ca8        0x0 /home/parallels/altera_lite/16.0/nios2eds/bin/gnu/H-x86_64-pc-linux-gnu/bin/../lib/gcc/nios2-elf/5.2.0/../../../../../H-x86_64-pc-linux-gnu/nios2-elf/lib/mno-hw-mul/libc.a(lib_a-exit.o)
 .bss           0x0000000000010ca8        0x0 /home/parallels/altera_lite/16.0/nios2eds/bin/gnu/H-x86_64-pc-linux-gnu/bin/../lib/gcc/nios2-elf/5.2.0/../../../../../H-x86_64-pc-linux-gnu/nios2-elf/lib/mno-hw-mul/libc.a(lib_a-memcmp.o)
 .bss           0x0000000000010ca8        0x0 /home/parallels/altera_lite/16.0/nios2eds/bin/gnu/H-x86_64-pc-linux-gnu/bin/../lib/gcc/nios2-elf/5.2.0/../../../../../H-x86_64-pc-linux-gnu/nios2-elf/lib/mno-hw-mul/libc.a(lib_a-__atexit.o)
 .bss           0x0000000000010ca8        0x0 /home/parallels/altera_lite/16.0/nios2eds/bin/gnu/H-x86_64-pc-linux-gnu/bin/../lib/gcc/nios2-elf/5.2.0/../../../../../H-x86_64-pc-linux-gnu/nios2-elf/lib/mno-hw-mul/libc.a(lib_a-__call_atexit.o)
 .bss           0x0000000000010ca8        0x0 ../nios2_16_bsp//libhal_bsp.a(alt_exit.o)
 *(COMMON)
 COMMON         0x0000000000010ca8      0x100 ../nios2_16_bsp//libhal_bsp.a(alt_irq_handler.o)
                0x0000000000010ca8                alt_irq
                0x0000000000010da8                . = ALIGN (0x4)
                0x0000000000010da8                __bss_end = ABSOLUTE (.)

.onchip_memory2_0
                0x0000000000010da8        0x0
                [!provide]                        PROVIDE (_alt_partition_onchip_memory2_0_start, ABSOLUTE (.))
 *(.onchip_memory2_0 .onchip_memory2_0. onchip_memory2_0.*)
                0x0000000000010da8                . = ALIGN (0x4)
                [!provide]                        PROVIDE (_alt_partition_onchip_memory2_0_end, ABSOLUTE (.))
                0x0000000000010da8                _end = ABSOLUTE (.)
                0x0000000000010da8                end = ABSOLUTE (.)
                0x0000000000010da8                __alt_stack_base = ABSOLUTE (.)
                [!provide]                        PROVIDE (_alt_partition_onchip_memory2_0_load_addr, LOADADDR (.onchip_memory2_0))

.stab
 *(.stab)

.stabstr
 *(.stabstr)

.stab.excl
 *(.stab.excl)

.stab.exclstr
 *(.stab.exclstr)

.stab.index
 *(.stab.index)

.stab.indexstr
 *(.stab.indexstr)

.comment        0x0000000000000000       0x23
 *(.comment)
 .comment       0x0000000000000000       0x23 obj/default/hello_world.o
                                         0x24 (size before relaxing)
 .comment       0x0000000000000023       0x24 /home/parallels/altera_lite/16.0/nios2eds/bin/gnu/H-x86_64-pc-linux-gnu/bin/../lib/gcc/nios2-elf/5.2.0/../../../../../H-x86_64-pc-linux-gnu/nios2-elf/lib/mno-hw-mul/libc.a(lib_a-puts.o)
 .comment       0x0000000000000023       0x24 /home/parallels/altera_lite/16.0/nios2eds/bin/gnu/H-x86_64-pc-linux-gnu/bin/../lib/gcc/nios2-elf/5.2.0/../../../../../H-x86_64-pc-linux-gnu/nios2-elf/lib/mno-hw-mul/libc.a(lib_a-strlen.o)
 .comment       0x0000000000000023       0x24 /home/parallels/altera_lite/16.0/nios2eds/bin/gnu/H-x86_64-pc-linux-gnu/bin/../lib/gcc/nios2-elf/5.2.0/../../../../../H-x86_64-pc-linux-gnu/nios2-elf/lib/mno-hw-mul/libc.a(lib_a-findfp.o)
 .comment       0x0000000000000023       0x24 /home/parallels/altera_lite/16.0/nios2eds/bin/gnu/H-x86_64-pc-linux-gnu/bin/../lib/gcc/nios2-elf/5.2.0/../../../../../H-x86_64-pc-linux-gnu/nios2-elf/lib/mno-hw-mul/libc.a(lib_a-fvwrite.o)
 .comment       0x0000000000000023       0x24 /home/parallels/altera_lite/16.0/nios2eds/bin/gnu/H-x86_64-pc-linux-gnu/bin/../lib/gcc/nios2-elf/5.2.0/../../../../../H-x86_64-pc-linux-gnu/nios2-elf/lib/mno-hw-mul/libc.a(lib_a-fwalk.o)
 .comment       0x0000000000000023       0x24 /home/parallels/altera_lite/16.0/nios2eds/bin/gnu/H-x86_64-pc-linux-gnu/bin/../lib/gcc/nios2-elf/5.2.0/../../../../../H-x86_64-pc-linux-gnu/nios2-elf/lib/mno-hw-mul/libc.a(lib_a-impure.o)
 .comment       0x0000000000000023       0x24 /home/parallels/altera_lite/16.0/nios2eds/bin/gnu/H-x86_64-pc-linux-gnu/bin/../lib/gcc/nios2-elf/5.2.0/../../../../../H-x86_64-pc-linux-gnu/nios2-elf/lib/mno-hw-mul/libc.a(lib_a-mallocr.o)
 .comment       0x0000000000000023       0x24 /home/parallels/altera_lite/16.0/nios2eds/bin/gnu/H-x86_64-pc-linux-gnu/bin/../lib/gcc/nios2-elf/5.2.0/../../../../../H-x86_64-pc-linux-gnu/nios2-elf/lib/mno-hw-mul/libc.a(lib_a-memchr.o)
 .comment       0x0000000000000023       0x24 /home/parallels/altera_lite/16.0/nios2eds/bin/gnu/H-x86_64-pc-linux-gnu/bin/../lib/gcc/nios2-elf/5.2.0/../../../../../H-x86_64-pc-linux-gnu/nios2-elf/lib/mno-hw-mul/libc.a(lib_a-memcpy.o)
 .comment       0x0000000000000023       0x24 /home/parallels/altera_lite/16.0/nios2eds/bin/gnu/H-x86_64-pc-linux-gnu/bin/../lib/gcc/nios2-elf/5.2.0/../../../../../H-x86_64-pc-linux-gnu/nios2-elf/lib/mno-hw-mul/libc.a(lib_a-memmove.o)
 .comment       0x0000000000000023       0x24 /home/parallels/altera_lite/16.0/nios2eds/bin/gnu/H-x86_64-pc-linux-gnu/bin/../lib/gcc/nios2-elf/5.2.0/../../../../../H-x86_64-pc-linux-gnu/nios2-elf/lib/mno-hw-mul/libc.a(lib_a-memset.o)
 .comment       0x0000000000000023       0x24 /home/parallels/altera_lite/16.0/nios2eds/bin/gnu/H-x86_64-pc-linux-gnu/bin/../lib/gcc/nios2-elf/5.2.0/../../../../../H-x86_64-pc-linux-gnu/nios2-elf/lib/mno-hw-mul/libc.a(lib_a-reallocr.o)
 .comment       0x0000000000000023       0x24 /home/parallels/altera_lite/16.0/nios2eds/bin/gnu/H-x86_64-pc-linux-gnu/bin/../lib/gcc/nios2-elf/5.2.0/../../../../../H-x86_64-pc-linux-gnu/nios2-elf/lib/mno-hw-mul/libc.a(lib_a-sbrkr.o)
 .comment       0x0000000000000023       0x24 /home/parallels/altera_lite/16.0/nios2eds/bin/gnu/H-x86_64-pc-linux-gnu/bin/../lib/gcc/nios2-elf/5.2.0/../../../../../H-x86_64-pc-linux-gnu/nios2-elf/lib/mno-hw-mul/libc.a(lib_a-stdio.o)
 .comment       0x0000000000000023       0x24 /home/parallels/altera_lite/16.0/nios2eds/bin/gnu/H-x86_64-pc-linux-gnu/bin/../lib/gcc/nios2-elf/5.2.0/../../../../../H-x86_64-pc-linux-gnu/nios2-elf/lib/mno-hw-mul/libc.a(lib_a-writer.o)
 .comment       0x0000000000000023       0x24 /home/parallels/altera_lite/16.0/nios2eds/bin/gnu/H-x86_64-pc-linux-gnu/bin/../lib/gcc/nios2-elf/5.2.0/../../../../../H-x86_64-pc-linux-gnu/nios2-elf/lib/mno-hw-mul/libc.a(lib_a-wsetup.o)
 .comment       0x0000000000000023       0x24 /home/parallels/altera_lite/16.0/nios2eds/bin/gnu/H-x86_64-pc-linux-gnu/bin/../lib/gcc/nios2-elf/5.2.0/../../../../../H-x86_64-pc-linux-gnu/nios2-elf/lib/mno-hw-mul/libc.a(closer.o)
 .comment       0x0000000000000023       0x24 /home/parallels/altera_lite/16.0/nios2eds/bin/gnu/H-x86_64-pc-linux-gnu/bin/../lib/gcc/nios2-elf/5.2.0/../../../../../H-x86_64-pc-linux-gnu/nios2-elf/lib/mno-hw-mul/libc.a(lib_a-fclose.o)
 .comment       0x0000000000000023       0x24 /home/parallels/altera_lite/16.0/nios2eds/bin/gnu/H-x86_64-pc-linux-gnu/bin/../lib/gcc/nios2-elf/5.2.0/../../../../../H-x86_64-pc-linux-gnu/nios2-elf/lib/mno-hw-mul/libc.a(lib_a-fflush.o)
 .comment       0x0000000000000023       0x24 /home/parallels/altera_lite/16.0/nios2eds/bin/gnu/H-x86_64-pc-linux-gnu/bin/../lib/gcc/nios2-elf/5.2.0/../../../../../H-x86_64-pc-linux-gnu/nios2-elf/lib/mno-hw-mul/libc.a(lib_a-freer.o)
 .comment       0x0000000000000023       0x24 /home/parallels/altera_lite/16.0/nios2eds/bin/gnu/H-x86_64-pc-linux-gnu/bin/../lib/gcc/nios2-elf/5.2.0/../../../../../H-x86_64-pc-linux-gnu/nios2-elf/lib/mno-hw-mul/libc.a(lib_a-int_errno.o)
 .comment       0x0000000000000023       0x24 /home/parallels/altera_lite/16.0/nios2eds/bin/gnu/H-x86_64-pc-linux-gnu/bin/../lib/gcc/nios2-elf/5.2.0/../../../../../H-x86_64-pc-linux-gnu/nios2-elf/lib/mno-hw-mul/libc.a(lib_a-lseekr.o)
 .comment       0x0000000000000023       0x24 /home/parallels/altera_lite/16.0/nios2eds/bin/gnu/H-x86_64-pc-linux-gnu/bin/../lib/gcc/nios2-elf/5.2.0/../../../../../H-x86_64-pc-linux-gnu/nios2-elf/lib/mno-hw-mul/libc.a(lib_a-makebuf.o)
 .comment       0x0000000000000023       0x24 /home/parallels/altera_lite/16.0/nios2eds/bin/gnu/H-x86_64-pc-linux-gnu/bin/../lib/gcc/nios2-elf/5.2.0/../../../../../H-x86_64-pc-linux-gnu/nios2-elf/lib/mno-hw-mul/libc.a(lib_a-readr.o)
 .comment       0x0000000000000023       0x24 /home/parallels/altera_lite/16.0/nios2eds/bin/gnu/H-x86_64-pc-linux-gnu/bin/../lib/gcc/nios2-elf/5.2.0/../../../../../H-x86_64-pc-linux-gnu/nios2-elf/lib/mno-hw-mul/libc.a(lib_a-fstatr.o)
 .comment       0x0000000000000023       0x24 /home/parallels/altera_lite/16.0/nios2eds/bin/gnu/H-x86_64-pc-linux-gnu/bin/../lib/gcc/nios2-elf/5.2.0/../../../../../H-x86_64-pc-linux-gnu/nios2-elf/lib/mno-hw-mul/libc.a(lib_a-isattyr.o)
 .comment       0x0000000000000023       0x24 /home/parallels/altera_lite/16.0/nios2eds/bin/gnu/H-x86_64-pc-linux-gnu/bin/../lib/gcc/nios2-elf/5.2.0/mno-hw-mul/libgcc.a(lib2-divmod.o)
 .comment       0x0000000000000023       0x24 /home/parallels/altera_lite/16.0/nios2eds/bin/gnu/H-x86_64-pc-linux-gnu/bin/../lib/gcc/nios2-elf/5.2.0/mno-hw-mul/libgcc.a(lib2-mul.o)
 .comment       0x0000000000000023       0x24 ../nios2_16_bsp//libhal_bsp.a(alt_close.o)
 .comment       0x0000000000000023       0x24 ../nios2_16_bsp//libhal_bsp.a(alt_dev.o)
 .comment       0x0000000000000023       0x24 ../nios2_16_bsp//libhal_bsp.a(alt_errno.o)
 .comment       0x0000000000000023       0x24 ../nios2_16_bsp//libhal_bsp.a(alt_fstat.o)
 .comment       0x0000000000000023       0x24 ../nios2_16_bsp//libhal_bsp.a(alt_isatty.o)
 .comment       0x0000000000000023       0x24 ../nios2_16_bsp//libhal_bsp.a(alt_load.o)
 .comment       0x0000000000000023       0x24 ../nios2_16_bsp//libhal_bsp.a(alt_lseek.o)
 .comment       0x0000000000000023       0x24 ../nios2_16_bsp//libhal_bsp.a(alt_main.o)
 .comment       0x0000000000000023       0x24 ../nios2_16_bsp//libhal_bsp.a(alt_malloc_lock.o)
 .comment       0x0000000000000023       0x24 ../nios2_16_bsp//libhal_bsp.a(alt_read.o)
 .comment       0x0000000000000023       0x24 ../nios2_16_bsp//libhal_bsp.a(alt_release_fd.o)
 .comment       0x0000000000000023       0x24 ../nios2_16_bsp//libhal_bsp.a(alt_sbrk.o)
 .comment       0x0000000000000023       0x24 ../nios2_16_bsp//libhal_bsp.a(alt_write.o)
 .comment       0x0000000000000023       0x24 ../nios2_16_bsp//libhal_bsp.a(alt_sys_init.o)
 .comment       0x0000000000000023       0x24 ../nios2_16_bsp//libhal_bsp.a(altera_avalon_jtag_uart_fd.o)
 .comment       0x0000000000000023       0x24 ../nios2_16_bsp//libhal_bsp.a(altera_avalon_jtag_uart_init.o)
 .comment       0x0000000000000023       0x24 ../nios2_16_bsp//libhal_bsp.a(altera_avalon_jtag_uart_ioctl.o)
 .comment       0x0000000000000023       0x24 ../nios2_16_bsp//libhal_bsp.a(altera_avalon_jtag_uart_read.o)
 .comment       0x0000000000000023       0x24 ../nios2_16_bsp//libhal_bsp.a(altera_avalon_jtag_uart_write.o)
 .comment       0x0000000000000023       0x24 ../nios2_16_bsp//libhal_bsp.a(alt_alarm_start.o)
 .comment       0x0000000000000023       0x24 ../nios2_16_bsp//libhal_bsp.a(alt_dcache_flush_all.o)
 .comment       0x0000000000000023       0x24 ../nios2_16_bsp//libhal_bsp.a(alt_dev_llist_insert.o)
 .comment       0x0000000000000023       0x24 ../nios2_16_bsp//libhal_bsp.a(alt_do_ctors.o)
 .comment       0x0000000000000023       0x24 ../nios2_16_bsp//libhal_bsp.a(alt_do_dtors.o)
 .comment       0x0000000000000023       0x24 ../nios2_16_bsp//libhal_bsp.a(alt_icache_flush_all.o)
 .comment       0x0000000000000023       0x24 ../nios2_16_bsp//libhal_bsp.a(alt_io_redirect.o)
 .comment       0x0000000000000023       0x24 ../nios2_16_bsp//libhal_bsp.a(alt_irq_register.o)
 .comment       0x0000000000000023       0x24 ../nios2_16_bsp//libhal_bsp.a(alt_irq_vars.o)
 .comment       0x0000000000000023       0x24 ../nios2_16_bsp//libhal_bsp.a(alt_open.o)
 .comment       0x0000000000000023       0x24 ../nios2_16_bsp//libhal_bsp.a(alt_tick.o)
 .comment       0x0000000000000023       0x24 ../nios2_16_bsp//libhal_bsp.a(altera_nios2_gen2_irq.o)
 .comment       0x0000000000000023       0x24 ../nios2_16_bsp//libhal_bsp.a(alt_find_dev.o)
 .comment       0x0000000000000023       0x24 ../nios2_16_bsp//libhal_bsp.a(alt_find_file.o)
 .comment       0x0000000000000023       0x24 ../nios2_16_bsp//libhal_bsp.a(alt_get_fd.o)
 .comment       0x0000000000000023       0x24 ../nios2_16_bsp//libhal_bsp.a(alt_irq_handler.o)
 .comment       0x0000000000000023       0x24 ../nios2_16_bsp//libhal_bsp.a(alt_instruction_exception_entry.o)
 .comment       0x0000000000000023       0x24 /home/parallels/altera_lite/16.0/nios2eds/bin/gnu/H-x86_64-pc-linux-gnu/bin/../lib/gcc/nios2-elf/5.2.0/../../../../../H-x86_64-pc-linux-gnu/nios2-elf/lib/mno-hw-mul/libc.a(lib_a-atexit.o)
 .comment       0x0000000000000023       0x24 /home/parallels/altera_lite/16.0/nios2eds/bin/gnu/H-x86_64-pc-linux-gnu/bin/../lib/gcc/nios2-elf/5.2.0/../../../../../H-x86_64-pc-linux-gnu/nios2-elf/lib/mno-hw-mul/libc.a(lib_a-exit.o)
 .comment       0x0000000000000023       0x24 /home/parallels/altera_lite/16.0/nios2eds/bin/gnu/H-x86_64-pc-linux-gnu/bin/../lib/gcc/nios2-elf/5.2.0/../../../../../H-x86_64-pc-linux-gnu/nios2-elf/lib/mno-hw-mul/libc.a(lib_a-memcmp.o)
 .comment       0x0000000000000023       0x24 /home/parallels/altera_lite/16.0/nios2eds/bin/gnu/H-x86_64-pc-linux-gnu/bin/../lib/gcc/nios2-elf/5.2.0/../../../../../H-x86_64-pc-linux-gnu/nios2-elf/lib/mno-hw-mul/libc.a(lib_a-__atexit.o)
 .comment       0x0000000000000023       0x24 /home/parallels/altera_lite/16.0/nios2eds/bin/gnu/H-x86_64-pc-linux-gnu/bin/../lib/gcc/nios2-elf/5.2.0/../../../../../H-x86_64-pc-linux-gnu/nios2-elf/lib/mno-hw-mul/libc.a(lib_a-__call_atexit.o)
 .comment       0x0000000000000023       0x24 ../nios2_16_bsp//libhal_bsp.a(alt_exit.o)

.debug
 *(.debug)

.line
 *(.line)

.debug_srcinfo
 *(.debug_srcinfo)

.debug_sfnames
 *(.debug_sfnames)

.debug_aranges  0x0000000000000000      0x9f0
 *(.debug_aranges)
 .debug_aranges
                0x0000000000000000       0x28 ../nios2_16_bsp//obj/HAL/src/crt0.o
 .debug_aranges
                0x0000000000000028       0x20 obj/default/hello_world.o
 .debug_aranges
                0x0000000000000048       0x28 /home/parallels/altera_lite/16.0/nios2eds/bin/gnu/H-x86_64-pc-linux-gnu/bin/../lib/gcc/nios2-elf/5.2.0/../../../../../H-x86_64-pc-linux-gnu/nios2-elf/lib/mno-hw-mul/libc.a(lib_a-puts.o)
 .debug_aranges
                0x0000000000000070       0x20 /home/parallels/altera_lite/16.0/nios2eds/bin/gnu/H-x86_64-pc-linux-gnu/bin/../lib/gcc/nios2-elf/5.2.0/../../../../../H-x86_64-pc-linux-gnu/nios2-elf/lib/mno-hw-mul/libc.a(lib_a-strlen.o)
 .debug_aranges
                0x0000000000000090       0x68 /home/parallels/altera_lite/16.0/nios2eds/bin/gnu/H-x86_64-pc-linux-gnu/bin/../lib/gcc/nios2-elf/5.2.0/../../../../../H-x86_64-pc-linux-gnu/nios2-elf/lib/mno-hw-mul/libc.a(lib_a-findfp.o)
 .debug_aranges
                0x00000000000000f8       0x20 /home/parallels/altera_lite/16.0/nios2eds/bin/gnu/H-x86_64-pc-linux-gnu/bin/../lib/gcc/nios2-elf/5.2.0/../../../../../H-x86_64-pc-linux-gnu/nios2-elf/lib/mno-hw-mul/libc.a(lib_a-fvwrite.o)
 .debug_aranges
                0x0000000000000118       0x28 /home/parallels/altera_lite/16.0/nios2eds/bin/gnu/H-x86_64-pc-linux-gnu/bin/../lib/gcc/nios2-elf/5.2.0/../../../../../H-x86_64-pc-linux-gnu/nios2-elf/lib/mno-hw-mul/libc.a(lib_a-fwalk.o)
 .debug_aranges
                0x0000000000000140       0x18 /home/parallels/altera_lite/16.0/nios2eds/bin/gnu/H-x86_64-pc-linux-gnu/bin/../lib/gcc/nios2-elf/5.2.0/../../../../../H-x86_64-pc-linux-gnu/nios2-elf/lib/mno-hw-mul/libc.a(lib_a-impure.o)
 .debug_aranges
                0x0000000000000158       0x20 /home/parallels/altera_lite/16.0/nios2eds/bin/gnu/H-x86_64-pc-linux-gnu/bin/../lib/gcc/nios2-elf/5.2.0/../../../../../H-x86_64-pc-linux-gnu/nios2-elf/lib/mno-hw-mul/libc.a(lib_a-mallocr.o)
 .debug_aranges
                0x0000000000000178       0x20 /home/parallels/altera_lite/16.0/nios2eds/bin/gnu/H-x86_64-pc-linux-gnu/bin/../lib/gcc/nios2-elf/5.2.0/../../../../../H-x86_64-pc-linux-gnu/nios2-elf/lib/mno-hw-mul/libc.a(lib_a-memchr.o)
 .debug_aranges
                0x0000000000000198       0x20 /home/parallels/altera_lite/16.0/nios2eds/bin/gnu/H-x86_64-pc-linux-gnu/bin/../lib/gcc/nios2-elf/5.2.0/../../../../../H-x86_64-pc-linux-gnu/nios2-elf/lib/mno-hw-mul/libc.a(lib_a-memcpy.o)
 .debug_aranges
                0x00000000000001b8       0x20 /home/parallels/altera_lite/16.0/nios2eds/bin/gnu/H-x86_64-pc-linux-gnu/bin/../lib/gcc/nios2-elf/5.2.0/../../../../../H-x86_64-pc-linux-gnu/nios2-elf/lib/mno-hw-mul/libc.a(lib_a-memmove.o)
 .debug_aranges
                0x00000000000001d8       0x20 /home/parallels/altera_lite/16.0/nios2eds/bin/gnu/H-x86_64-pc-linux-gnu/bin/../lib/gcc/nios2-elf/5.2.0/../../../../../H-x86_64-pc-linux-gnu/nios2-elf/lib/mno-hw-mul/libc.a(lib_a-memset.o)
 .debug_aranges
                0x00000000000001f8       0x20 /home/parallels/altera_lite/16.0/nios2eds/bin/gnu/H-x86_64-pc-linux-gnu/bin/../lib/gcc/nios2-elf/5.2.0/../../../../../H-x86_64-pc-linux-gnu/nios2-elf/lib/mno-hw-mul/libc.a(lib_a-reallocr.o)
 .debug_aranges
                0x0000000000000218       0x20 /home/parallels/altera_lite/16.0/nios2eds/bin/gnu/H-x86_64-pc-linux-gnu/bin/../lib/gcc/nios2-elf/5.2.0/../../../../../H-x86_64-pc-linux-gnu/nios2-elf/lib/mno-hw-mul/libc.a(lib_a-sbrkr.o)
 .debug_aranges
                0x0000000000000238       0x40 /home/parallels/altera_lite/16.0/nios2eds/bin/gnu/H-x86_64-pc-linux-gnu/bin/../lib/gcc/nios2-elf/5.2.0/../../../../../H-x86_64-pc-linux-gnu/nios2-elf/lib/mno-hw-mul/libc.a(lib_a-stdio.o)
 .debug_aranges
                0x0000000000000278       0x20 /home/parallels/altera_lite/16.0/nios2eds/bin/gnu/H-x86_64-pc-linux-gnu/bin/../lib/gcc/nios2-elf/5.2.0/../../../../../H-x86_64-pc-linux-gnu/nios2-elf/lib/mno-hw-mul/libc.a(lib_a-writer.o)
 .debug_aranges
                0x0000000000000298       0x20 /home/parallels/altera_lite/16.0/nios2eds/bin/gnu/H-x86_64-pc-linux-gnu/bin/../lib/gcc/nios2-elf/5.2.0/../../../../../H-x86_64-pc-linux-gnu/nios2-elf/lib/mno-hw-mul/libc.a(lib_a-wsetup.o)
 .debug_aranges
                0x00000000000002b8       0x20 /home/parallels/altera_lite/16.0/nios2eds/bin/gnu/H-x86_64-pc-linux-gnu/bin/../lib/gcc/nios2-elf/5.2.0/../../../../../H-x86_64-pc-linux-gnu/nios2-elf/lib/mno-hw-mul/libc.a(closer.o)
 .debug_aranges
                0x00000000000002d8       0x28 /home/parallels/altera_lite/16.0/nios2eds/bin/gnu/H-x86_64-pc-linux-gnu/bin/../lib/gcc/nios2-elf/5.2.0/../../../../../H-x86_64-pc-linux-gnu/nios2-elf/lib/mno-hw-mul/libc.a(lib_a-fclose.o)
 .debug_aranges
                0x0000000000000300       0x30 /home/parallels/altera_lite/16.0/nios2eds/bin/gnu/H-x86_64-pc-linux-gnu/bin/../lib/gcc/nios2-elf/5.2.0/../../../../../H-x86_64-pc-linux-gnu/nios2-elf/lib/mno-hw-mul/libc.a(lib_a-fflush.o)
 .debug_aranges
                0x0000000000000330       0x28 /home/parallels/altera_lite/16.0/nios2eds/bin/gnu/H-x86_64-pc-linux-gnu/bin/../lib/gcc/nios2-elf/5.2.0/../../../../../H-x86_64-pc-linux-gnu/nios2-elf/lib/mno-hw-mul/libc.a(lib_a-freer.o)
 .debug_aranges
                0x0000000000000358       0x18 /home/parallels/altera_lite/16.0/nios2eds/bin/gnu/H-x86_64-pc-linux-gnu/bin/../lib/gcc/nios2-elf/5.2.0/../../../../../H-x86_64-pc-linux-gnu/nios2-elf/lib/mno-hw-mul/libc.a(lib_a-int_errno.o)
 .debug_aranges
                0x0000000000000370       0x20 /home/parallels/altera_lite/16.0/nios2eds/bin/gnu/H-x86_64-pc-linux-gnu/bin/../lib/gcc/nios2-elf/5.2.0/../../../../../H-x86_64-pc-linux-gnu/nios2-elf/lib/mno-hw-mul/libc.a(lib_a-lseekr.o)
 .debug_aranges
                0x0000000000000390       0x20 /home/parallels/altera_lite/16.0/nios2eds/bin/gnu/H-x86_64-pc-linux-gnu/bin/../lib/gcc/nios2-elf/5.2.0/../../../../../H-x86_64-pc-linux-gnu/nios2-elf/lib/mno-hw-mul/libc.a(lib_a-makebuf.o)
 .debug_aranges
                0x00000000000003b0       0x20 /home/parallels/altera_lite/16.0/nios2eds/bin/gnu/H-x86_64-pc-linux-gnu/bin/../lib/gcc/nios2-elf/5.2.0/../../../../../H-x86_64-pc-linux-gnu/nios2-elf/lib/mno-hw-mul/libc.a(lib_a-readr.o)
 .debug_aranges
                0x00000000000003d0       0x20 /home/parallels/altera_lite/16.0/nios2eds/bin/gnu/H-x86_64-pc-linux-gnu/bin/../lib/gcc/nios2-elf/5.2.0/../../../../../H-x86_64-pc-linux-gnu/nios2-elf/lib/mno-hw-mul/libc.a(lib_a-fstatr.o)
 .debug_aranges
                0x00000000000003f0       0x20 /home/parallels/altera_lite/16.0/nios2eds/bin/gnu/H-x86_64-pc-linux-gnu/bin/../lib/gcc/nios2-elf/5.2.0/../../../../../H-x86_64-pc-linux-gnu/nios2-elf/lib/mno-hw-mul/libc.a(lib_a-isattyr.o)
 .debug_aranges
                0x0000000000000410       0x20 /home/parallels/altera_lite/16.0/nios2eds/bin/gnu/H-x86_64-pc-linux-gnu/bin/../lib/gcc/nios2-elf/5.2.0/mno-hw-mul/libgcc.a(lib2-divmod.o)
 .debug_aranges
                0x0000000000000430       0x20 /home/parallels/altera_lite/16.0/nios2eds/bin/gnu/H-x86_64-pc-linux-gnu/bin/../lib/gcc/nios2-elf/5.2.0/mno-hw-mul/libgcc.a(lib2-mul.o)
 .debug_aranges
                0x0000000000000450       0x20 ../nios2_16_bsp//libhal_bsp.a(alt_close.o)
 .debug_aranges
                0x0000000000000470       0x20 ../nios2_16_bsp//libhal_bsp.a(alt_dev.o)
 .debug_aranges
                0x0000000000000490       0x18 ../nios2_16_bsp//libhal_bsp.a(alt_errno.o)
 .debug_aranges
                0x00000000000004a8       0x20 ../nios2_16_bsp//libhal_bsp.a(alt_fstat.o)
 .debug_aranges
                0x00000000000004c8       0x20 ../nios2_16_bsp//libhal_bsp.a(alt_isatty.o)
 .debug_aranges
                0x00000000000004e8       0x20 ../nios2_16_bsp//libhal_bsp.a(alt_load.o)
 .debug_aranges
                0x0000000000000508       0x20 ../nios2_16_bsp//libhal_bsp.a(alt_lseek.o)
 .debug_aranges
                0x0000000000000528       0x20 ../nios2_16_bsp//libhal_bsp.a(alt_main.o)
 .debug_aranges
                0x0000000000000548       0x20 ../nios2_16_bsp//libhal_bsp.a(alt_malloc_lock.o)
 .debug_aranges
                0x0000000000000568       0x20 ../nios2_16_bsp//libhal_bsp.a(alt_read.o)
 .debug_aranges
                0x0000000000000588       0x20 ../nios2_16_bsp//libhal_bsp.a(alt_release_fd.o)
 .debug_aranges
                0x00000000000005a8       0x20 ../nios2_16_bsp//libhal_bsp.a(alt_sbrk.o)
 .debug_aranges
                0x00000000000005c8       0x20 ../nios2_16_bsp//libhal_bsp.a(alt_write.o)
 .debug_aranges
                0x00000000000005e8       0x20 ../nios2_16_bsp//libhal_bsp.a(alt_sys_init.o)
 .debug_aranges
                0x0000000000000608       0x20 ../nios2_16_bsp//libhal_bsp.a(altera_avalon_jtag_uart_fd.o)
 .debug_aranges
                0x0000000000000628       0x20 ../nios2_16_bsp//libhal_bsp.a(altera_avalon_jtag_uart_init.o)
 .debug_aranges
                0x0000000000000648       0x20 ../nios2_16_bsp//libhal_bsp.a(altera_avalon_jtag_uart_ioctl.o)
 .debug_aranges
                0x0000000000000668       0x20 ../nios2_16_bsp//libhal_bsp.a(altera_avalon_jtag_uart_read.o)
 .debug_aranges
                0x0000000000000688       0x20 ../nios2_16_bsp//libhal_bsp.a(altera_avalon_jtag_uart_write.o)
 .debug_aranges
                0x00000000000006a8       0x20 ../nios2_16_bsp//libhal_bsp.a(alt_alarm_start.o)
 .debug_aranges
                0x00000000000006c8       0x20 ../nios2_16_bsp//libhal_bsp.a(alt_dcache_flush_all.o)
 .debug_aranges
                0x00000000000006e8       0x20 ../nios2_16_bsp//libhal_bsp.a(alt_dev_llist_insert.o)
 .debug_aranges
                0x0000000000000708       0x20 ../nios2_16_bsp//libhal_bsp.a(alt_do_ctors.o)
 .debug_aranges
                0x0000000000000728       0x20 ../nios2_16_bsp//libhal_bsp.a(alt_do_dtors.o)
 .debug_aranges
                0x0000000000000748       0x20 ../nios2_16_bsp//libhal_bsp.a(alt_icache_flush_all.o)
 .debug_aranges
                0x0000000000000768       0x20 ../nios2_16_bsp//libhal_bsp.a(alt_io_redirect.o)
 .debug_aranges
                0x0000000000000788       0x20 ../nios2_16_bsp//libhal_bsp.a(alt_irq_register.o)
 .debug_aranges
                0x00000000000007a8       0x18 ../nios2_16_bsp//libhal_bsp.a(alt_irq_vars.o)
 .debug_aranges
                0x00000000000007c0       0x20 ../nios2_16_bsp//libhal_bsp.a(alt_open.o)
 .debug_aranges
                0x00000000000007e0       0x20 ../nios2_16_bsp//libhal_bsp.a(alt_tick.o)
 .debug_aranges
                0x0000000000000800       0x20 ../nios2_16_bsp//libhal_bsp.a(altera_nios2_gen2_irq.o)
 .debug_aranges
                0x0000000000000820       0x20 ../nios2_16_bsp//libhal_bsp.a(alt_find_dev.o)
 .debug_aranges
                0x0000000000000840       0x20 ../nios2_16_bsp//libhal_bsp.a(alt_find_file.o)
 .debug_aranges
                0x0000000000000860       0x20 ../nios2_16_bsp//libhal_bsp.a(alt_get_fd.o)
 .debug_aranges
                0x0000000000000880       0x30 ../nios2_16_bsp//libhal_bsp.a(alt_irq_entry.o)
 .debug_aranges
                0x00000000000008b0       0x20 ../nios2_16_bsp//libhal_bsp.a(alt_irq_handler.o)
 .debug_aranges
                0x00000000000008d0       0x38 ../nios2_16_bsp//libhal_bsp.a(alt_exception_entry.o)
 .debug_aranges
                0x0000000000000908       0x28 ../nios2_16_bsp//libhal_bsp.a(alt_instruction_exception_entry.o)
 .debug_aranges
                0x0000000000000930       0x20 /home/parallels/altera_lite/16.0/nios2eds/bin/gnu/H-x86_64-pc-linux-gnu/bin/../lib/gcc/nios2-elf/5.2.0/../../../../../H-x86_64-pc-linux-gnu/nios2-elf/lib/mno-hw-mul/libc.a(lib_a-atexit.o)
 .debug_aranges
                0x0000000000000950       0x20 /home/parallels/altera_lite/16.0/nios2eds/bin/gnu/H-x86_64-pc-linux-gnu/bin/../lib/gcc/nios2-elf/5.2.0/../../../../../H-x86_64-pc-linux-gnu/nios2-elf/lib/mno-hw-mul/libc.a(lib_a-exit.o)
 .debug_aranges
                0x0000000000000970       0x20 /home/parallels/altera_lite/16.0/nios2eds/bin/gnu/H-x86_64-pc-linux-gnu/bin/../lib/gcc/nios2-elf/5.2.0/../../../../../H-x86_64-pc-linux-gnu/nios2-elf/lib/mno-hw-mul/libc.a(lib_a-memcmp.o)
 .debug_aranges
                0x0000000000000990       0x20 /home/parallels/altera_lite/16.0/nios2eds/bin/gnu/H-x86_64-pc-linux-gnu/bin/../lib/gcc/nios2-elf/5.2.0/../../../../../H-x86_64-pc-linux-gnu/nios2-elf/lib/mno-hw-mul/libc.a(lib_a-__atexit.o)
 .debug_aranges
                0x00000000000009b0       0x20 /home/parallels/altera_lite/16.0/nios2eds/bin/gnu/H-x86_64-pc-linux-gnu/bin/../lib/gcc/nios2-elf/5.2.0/../../../../../H-x86_64-pc-linux-gnu/nios2-elf/lib/mno-hw-mul/libc.a(lib_a-__call_atexit.o)
 .debug_aranges
                0x00000000000009d0       0x20 ../nios2_16_bsp//libhal_bsp.a(alt_exit.o)

.debug_pubnames
 *(.debug_pubnames)

.debug_info     0x0000000000000000    0x16189
 *(.debug_info .gnu.linkonce.wi.*)